Component: ARM Compiler 5.06 update 7 (build 960) Tool: armlink [4d3601]

==============================================================================

Section Cross References

    http_server.o(.text) refers to lcd.o(.text) for copy_to_lcd
    http_server.o(.text) refers to strlen.o(.text) for strlen
    http_server.o(.text) refers to adc_mcb1700.o(.text) for ADC_StartConversion
    http_server.o(.text) refers to buttons_mcb1700.o(.text) for Buttons_GetState
    http_server.o(.text) refers to printfa.o(i.__0sprintf) for __2sprintf
    http_server.o(.text) refers to net_addr4.o(i.ip4_ntoa) for ip4_ntoa
    http_server.o(.text) refers to rt_cmsis.o(i.osDelay) for osDelay
    http_server.o(.text) refers to led.o(.text) for LED_Initialize
    http_server.o(.text) refers to net_sys.o(i.net_initialize) for net_initialize
    http_server.o(.text) refers to rt_cmsis.o(i.osThreadCreate) for osThreadCreate
    http_server.o(.text) refers to net_sys.o(i.net_main) for net_main
    http_server.o(.text) refers to rt_cmsis.o(i.osThreadYield) for osThreadYield
    http_server.o(.text) refers to http_server.o(.data) for .data
    http_server.o(.text) refers to http_server.o(.constdata) for .constdata
    http_server.o(.text) refers to lcd.o(.bss) for buffer
    http_server.o(.text) refers to http_server.o(.bss) for .bss
    http_server.o(.constdata) refers to http_server.o(.text) for Display
    http_server_cgi.o(.text) refers to net_http_server.o(i.http_get_env_var) for http_get_env_var
    http_server_cgi.o(.text) refers to strncmp.o(.text) for strncmp
    http_server_cgi.o(.text) refers to net_addr4.o(i.ip4_aton) for ip4_aton
    http_server_cgi.o(.text) refers to strcmp.o(.text) for strcmp
    http_server_cgi.o(.text) refers to led.o(.text) for LED_SetOut
    http_server_cgi.o(.text) refers to strcpy.o(.text) for strcpy
    http_server_cgi.o(.text) refers to net_addr4.o(i.ip4_ntoa) for ip4_ntoa
    http_server_cgi.o(.text) refers to printfa.o(i.__0sprintf) for __2sprintf
    http_server_cgi.o(.text) refers to net_tcp.o(i.tcp_ntoa) for tcp_ntoa
    http_server_cgi.o(.text) refers to net_http_server.o(i.http_server_get_lang) for http_server_get_lang
    http_server_cgi.o(.text) refers to net_sys.o(.bss) for localm
    http_server_cgi.o(.text) refers to http_server_cgi.o(.data) for .data
    http_server_cgi.o(.text) refers to http_server.o(.data) for LEDrun
    http_server_cgi.o(.text) refers to net_config.o(.constdata) for http_config
    http_server_cgi.o(.text) refers to http_server.o(.data) for LCDupdate
    http_server_cgi.o(.text) refers to http_server.o(.bss) for lcd_text
    http_server_cgi.o(.text) refers to net_config.o(.constdata) for tcp_config
    http_server_cgi.o(.text) refers to http_server_cgi.o(.conststring) for .conststring
    http_server_cgi.o(.text) refers to http_server.o(.text) for AD_in
    http_server_cgi.o(.text) refers to ffltui.o(.text) for __aeabi_ui2f
    http_server_cgi.o(.text) refers to fmul.o(.text) for __aeabi_fmul
    http_server_cgi.o(.text) refers to fscalb.o(.text) for __ARM_scalbnf
    http_server_cgi.o(.text) refers to f2d.o(.text) for __aeabi_f2d
    led.o(.text) refers to gpio_lpc17xx.o(.text) for GPIO_PortClock
    led.o(.text) refers to pin_lpc17xx.o(.text) for PIN_Configure
    led.o(.text) refers to led.o(.constdata) for .constdata
    lcd.o(.text) refers to gpio_lpc17xx.o(.text) for GPIO_PinWrite
    lcd.o(.text) refers to lcd.o(.data) for .data
    lcd.o(.text) refers to lcd.o(.bss) for .bss
    lcd.o(.data) refers to ssp_lpc17xx.o(.constdata) for Driver_SPI1
    adc_mcb1700.o(.text) refers to pin_lpc17xx.o(.text) for PIN_Configure
    adc_mcb1700.o(.text) refers to adc_mcb1700.o(.data) for .data
    web.o(.text) refers to web.o(.constdata) for .constdata
    web.o(.constdata) refers to web.o(.constdata) for imageFileData
    buttons_mcb1700.o(.text) refers to gpio_lpc17xx.o(.text) for GPIO_PortClock
    buttons_mcb1700.o(.text) refers to pin_lpc17xx.o(.text) for PIN_Configure
    glcd_fonts.o(.constdata) refers to glcd_fonts.o(.constdata) for Font_6x8_h
    glcd_fonts.o(.constdata) refers to glcd_fonts.o(.constdata) for Font_16x24_h
    glcd_mcb1700.o(.text) refers to gpio_lpc17xx.o(.text) for GPIO_SetDir
    glcd_mcb1700.o(.text) refers to pin_lpc17xx.o(.text) for PIN_Configure
    glcd_mcb1700.o(.text) refers to system_lpc17xx_1.o(.data) for SystemCoreClock
    glcd_mcb1700.o(.text) refers to glcd_mcb1700.o(.data) for .data
    glcd_mcb1700.o(.text) refers to ssp_lpc17xx.o(.constdata) for Driver_SPI1
    rtx_conf_cm.o(.ARM.Collect$$$$000000FF) refers to rt_cmsis.o(i.osKernelInitialize) for osKernelInitialize
    rtx_conf_cm.o(.ARM.Collect$$$$000000FF) refers to rt_cmsis.o(i.osThreadCreate) for osThreadCreate
    rtx_conf_cm.o(.ARM.Collect$$$$000000FF) refers to rt_cmsis.o(i.osKernelStart) for osKernelStart
    rtx_conf_cm.o(.ARM.Collect$$$$000000FF) refers to rtx_conf_cm.o(.constdata) for .constdata
[...]
    PLL1_IRQHandler                          0x00002a7f   Thumb Code     0  startup_lpc17xx_1.o(.text)
    PWM1_IRQHandler                          0x00002a7f   Thumb Code     0  startup_lpc17xx_1.o(.text)
    QEI_IRQHandler                           0x00002a7f   Thumb Code     0  startup_lpc17xx_1.o(.text)
    RIT_IRQHandler                           0x00002a7f   Thumb Code     0  startup_lpc17xx_1.o(.text)
    RTC_IRQHandler                           0x00002a7f   Thumb Code     0  startup_lpc17xx_1.o(.text)
    SPI_IRQHandler                           0x00002a7f   Thumb Code     0  startup_lpc17xx_1.o(.text)
    SSP0_IRQHandler                          0x00002a7f   Thumb Code     0  startup_lpc17xx_1.o(.text)
    TIMER0_IRQHandler                        0x00002a7f   Thumb Code     0  startup_lpc17xx_1.o(.text)
    TIMER1_IRQHandler                        0x00002a7f   Thumb Code     0  startup_lpc17xx_1.o(.text)
    TIMER2_IRQHandler                        0x00002a7f   Thumb Code     0  startup_lpc17xx_1.o(.text)
    TIMER3_IRQHandler                        0x00002a7f   Thumb Code     0  startup_lpc17xx_1.o(.text)
    UART0_IRQHandler                         0x00002a7f   Thumb Code     0  startup_lpc17xx_1.o(.text)
    UART1_IRQHandler                         0x00002a7f   Thumb Code     0  startup_lpc17xx_1.o(.text)
    UART2_IRQHandler                         0x00002a7f   Thumb Code     0  startup_lpc17xx_1.o(.text)
    UART3_IRQHandler                         0x00002a7f   Thumb Code     0  startup_lpc17xx_1.o(.text)
    USBActivity_IRQHandler                   0x00002a7f   Thumb Code     0  startup_lpc17xx_1.o(.text)
    USB_IRQHandler                           0x00002a7f   Thumb Code     0  startup_lpc17xx_1.o(.text)
    WDT_IRQHandler                           0x00002a7f   Thumb Code     0  startup_lpc17xx_1.o(.text)
    SystemCoreClockUpdate                    0x00002a89   Thumb Code   184  system_lpc17xx_1.o(.text)
    SystemInit                               0x00002b41   Thumb Code   196  system_lpc17xx_1.o(.text)
    net_sys_init                             0x00002c25   Thumb Code    42  net_config.o(.text)
    net_sys_run                              0x00002c4f   Thumb Code    30  net_config.o(.text)
    dhcp_disable                             0x00002c6d   Thumb Code     4  net_config.o(.text)
    ppp_send_frame                           0x00002c71   Thumb Code     4  net_config.o(.text)
    slip_send_frame                          0x00002c75   Thumb Code     4  net_config.o(.text)
    sntp_get_time                            0x00002c79   Thumb Code     4  net_config.o(.text)
    http_server_fopen                        0x00002c7d   Thumb Code     4  net_config.o(.text)
    http_server_fclose                       0x00002c81   Thumb Code     2  net_config.o(.text)
    http_server_fread                        0x00002c83   Thumb Code     4  net_config.o(.text)
    http_server_fgets                        0x00002c87   Thumb Code     4  net_config.o(.text)
    http_server_ftime                        0x00002c8b   Thumb Code     4  net_config.o(.text)
    net_sys_error                            0x00002c8f   Thumb Code     2  net_config.o(.text)
    __aeabi_uldivmod                         0x00002c91   Thumb Code    98  uldiv.o(.text)
    __aeabi_memcpy                           0x00002cf3   Thumb Code    36  memcpya.o(.text)
    __aeabi_memcpy4                          0x00002cf3   Thumb Code     0  memcpya.o(.text)
    __aeabi_memcpy8                          0x00002cf3   Thumb Code     0  memcpya.o(.text)
    __aeabi_memset                           0x00002d17   Thumb Code    14  memseta.o(.text)
    __aeabi_memset4                          0x00002d17   Thumb Code     0  memseta.o(.text)
    __aeabi_memset8                          0x00002d17   Thumb Code     0  memseta.o(.text)
    __aeabi_memclr                           0x00002d25   Thumb Code     4  memseta.o(.text)
    __aeabi_memclr4                          0x00002d25   Thumb Code     0  memseta.o(.text)
    __aeabi_memclr8                          0x00002d25   Thumb Code     0  memseta.o(.text)
    _memset$wrapper                          0x00002d29   Thumb Code    18  memseta.o(.text)
    strlen                                   0x00002d3b   Thumb Code    14  strlen.o(.text)
    strcmp                                   0x00002d49   Thumb Code    28  strcmp.o(.text)
    memcmp                                   0x00002d65   Thumb Code    26  memcmp.o(.text)
    strcpy                                   0x00002d7f   Thumb Code    18  strcpy.o(.text)
    strncmp                                  0x00002d91   Thumb Code    30  strncmp.o(.text)
    __0sscanf                                0x00002db1   Thumb Code    48  __0sscanf.o(.text)
    _scanf_int                               0x00002de9   Thumb Code   332  _scanf_int.o(.text)
    atoi                                     0x00002f35   Thumb Code    26  atoi.o(.text)
    __aeabi_fmul                             0x00002f4f   Thumb Code   100  fmul.o(.text)
    __ARM_scalbnf                            0x00002fb3   Thumb Code    24  fscalb.o(.text)
    scalbnf                                  0x00002fb3   Thumb Code     0  fscalb.o(.text)
    __aeabi_ui2f                             0x00002fcb   Thumb Code    10  ffltui.o(.text)
    __aeabi_f2d                              0x00002fd5   Thumb Code    38  f2d.o(.text)
    __aeabi_uidiv                            0x00002ffb   Thumb Code     0  uidiv.o(.text)
    __aeabi_uidivmod                         0x00002ffb   Thumb Code    44  uidiv.o(.text)
    __aeabi_llsl                             0x00003027   Thumb Code    30  llshl.o(.text)
    _ll_shift_l                              0x00003027   Thumb Code     0  llshl.o(.text)
    __aeabi_llsr                             0x00003045   Thumb Code    32  llushr.o(.text)
    _ll_ushift_r                             0x00003045   Thumb Code     0  llushr.o(.text)
    _chval                                   0x00003065   Thumb Code    28  _chval.o(.text)
    __vfscanf_char                           0x0000308d   Thumb Code    20  scanf_char.o(.text)
    _sgetc                                   0x000030a9   Thumb Code    30  _sgetc.o(.text)
    _sbackspace                              0x000030c7   Thumb Code    34  _sgetc.o(.text)
    strtol                                   0x000030e9   Thumb Code   112  strtol.o(.text)
    __I$use$fp                               0x00003159   Thumb Code     0  iusefp.o(.text)
    _float_round                             0x00003159   Thumb Code    18  fepilogue.o(.text)
    _float_epilogue                          0x0000316b   Thumb Code    92  fepilogue.o(.text)
    __aeabi_dadd                             0x000031c7   Thumb Code   322  dadd.o(.text)
    __aeabi_dsub                             0x00003309   Thumb Code     6  dadd.o(.text)
    __aeabi_drsub                            0x0000330f   Thumb Code     6  dadd.o(.text)
    __aeabi_dmul                             0x00003315   Thumb Code   228  dmul.o(.text)
    __aeabi_ddiv                             0x000033f9   Thumb Code   222  ddiv.o(.text)
    __aeabi_d2ulz                            0x000034d7   Thumb Code    48  dfixul.o(.text)
    __aeabi_cdrcmple                         0x00003509   Thumb Code    48  cdrcmple.o(.text)
    __scatterload                            0x00003539   Thumb Code    28  init.o(.text)
    __scatterload_rt2                        0x00003539   Thumb Code     0  init.o(.text)
    __aeabi_lasr                             0x0000355d   Thumb Code    36  llsshr.o(.text)
    _ll_sshift_r                             0x0000355d   Thumb Code     0  llsshr.o(.text)
    __rt_ctype_table                         0x00003581   Thumb Code     4  ctype_o.o(.text)
    isspace                                  0x00003589   Thumb Code    18  isspace_o.o(.text)
    __vfscanf                                0x0000359d   Thumb Code   810  _scanf.o(.text)
    _strtoul                                 0x000038cd   Thumb Code   158  _strtoul.o(.text)
    _double_round                            0x0000396b   Thumb Code    30  depilogue.o(.text)
    _double_epilogue                         0x00003989   Thumb Code   156  depilogue.o(.text)
    SVC_Count                                0x00003a24   Data           4  svc_table.o(SVC_TABLE)
    SVC_Table                                0x00003a28   Data           0  svc_table.o(SVC_TABLE)
    __0sprintf                               0x00003a29   Thumb Code    34  printfa.o(i.__0sprintf)
    __1sprintf                               0x00003a29   Thumb Code     0  printfa.o(i.__0sprintf)
    __2sprintf                               0x00003a29   Thumb Code     0  printfa.o(i.__0sprintf)
    __c89sprintf                             0x00003a29   Thumb Code     0  printfa.o(i.__0sprintf)
    sprintf                                  0x00003a29   Thumb Code     0  printfa.o(i.__0sprintf)
    __aeabi_errno_addr                       0x00003a51   Thumb Code     4  errno.o(i.__aeabi_errno_addr)
    __rt_errno_addr                          0x00003a51   Thumb Code     0  errno.o(i.__aeabi_errno_addr)
    __scatterload_copy                       0x00003a59   Thumb Code    14  handlers.o(i.__scatterload_copy)
    __scatterload_null                       0x00003a67   Thumb Code     2  handlers.o(i.__scatterload_null)
    __scatterload_zeroinit                   0x00003a69   Thumb Code    14  handlers.o(i.__scatterload_zeroinit)
    _init_box                                0x00003bfd   Thumb Code    70  rt_membox.o(i._init_box)
    arp_cache_add                            0x00004389   Thumb Code   156  net_arp.o(i.arp_cache_add)
    arp_cache_early                          0x000044b5   Thumb Code   128  net_arp.o(i.arp_cache_early)
    arp_cache_find                           0x0000453d   Thumb Code   148  net_arp.o(i.arp_cache_find)
    arp_cache_update                         0x000045dd   Thumb Code   212  net_arp.o(i.arp_cache_update)
    arp_init                                 0x000046c1   Thumb Code    38  net_arp.o(i.arp_init)
    arp_notify                               0x0000472d   Thumb Code    26  net_arp.o(i.arp_notify)
    arp_process                              0x000047c9   Thumb Code   276  net_arp.o(i.arp_process)
    b64_to_asc                               0x00004a29   Thumb Code   122  net_common.o(i.b64_to_asc)
    cgi_content_type                         0x00004aa3   Thumb Code     4  net_http_server.o(i.cgi_content_type)
    cgx_content_type                         0x00004aa7   Thumb Code     4  net_http_server.o(i.cgx_content_type)
    chksum16                                 0x00004c1d   Thumb Code    50  net_common.o(i.chksum16)
    dbg_init                                 0x00004c95   Thumb Code    34  hal_cm.o(i.dbg_init)
    dbg_task_notify                          0x00004cc5   Thumb Code    32  hal_cm.o(i.dbg_task_notify)
    dbg_task_switch                          0x00004ce5   Thumb Code    16  hal_cm.o(i.dbg_task_switch)
    eth_chk_addr                             0x00004ddd   Thumb Code    28  net_eth.o(i.eth_chk_addr)
    eth_init_link                            0x00004e6d   Thumb Code   222  net_eth.o(i.eth_init_link)
    eth_link_notify                          0x00004f65   Thumb Code     2  net_eth.o(i.eth_link_notify)
    eth_output                               0x00004f7d   Thumb Code    86  net_eth.o(i.eth_output)
    eth_run_link                             0x00004fe1   Thumb Code   210  net_eth.o(i.eth_run_link)
    eth_send_frame                           0x000050c5   Thumb Code   146  net_eth.o(i.eth_send_frame)
    eth_set_filter                           0x00005169   Thumb Code   138  net_eth.o(i.eth_set_filter)
    eth_thread                               0x000051f9   Thumb Code    14  net_eth.o(i.eth_thread)
    get_rnd32                                0x00005281   Thumb Code    18  net_sys.o(i.get_rnd32)
    http_accept_client                       0x000052af   Thumb Code     4  net_http_server.o(i.http_accept_client)
    http_check_account                       0x000055c5   Thumb Code     4  net_http_server.o(i.http_check_account)
    http_encoding                            0x000055c9   Thumb Code     4  net_http_server.o(i.http_encoding)
    http_file_access                         0x00005745   Thumb Code     4  net_http_server.o(i.http_file_access)
    http_get_env_var                         0x00005749   Thumb Code   104  net_http_server.o(i.http_get_env_var)
    http_server_get_lang                     0x00005f49   Thumb Code    28  net_http_server.o(i.http_server_get_lang)
    http_server_init                         0x00005f6d   Thumb Code    82  net_http_server.o(i.http_server_init)
    http_server_run                          0x00005fc9   Thumb Code   808  net_http_server.o(i.http_server_run)
    icmp_process                             0x000063c1   Thumb Code   210  net_icmp.o(i.icmp_process)
    icmp_service_init                        0x0000651d   Thumb Code    10  net_icmp.o(i.icmp_service_init)
    icmp_service_run                         0x0000652d   Thumb Code    58  net_icmp.o(i.icmp_service_run)
    igmp_host_init                           0x00006575   Thumb Code    38  net_igmp.o(i.igmp_host_init)
    igmp_host_run                            0x000065a5   Thumb Code   112  net_igmp.o(i.igmp_host_run)
    igmp_is_member                           0x00006625   Thumb Code    24  net_igmp.o(i.igmp_is_member)
    igmp_process                             0x0000666d   Thumb Code   218  net_igmp.o(i.igmp_process)
    ip4_aton                                 0x00006815   Thumb Code    82  net_addr4.o(i.ip4_aton)
    ip4_checksum                             0x0000687d   Thumb Code    76  net_ip.o(i.ip4_checksum)
    ip4_ntoa                                 0x000068c9   Thumb Code    34  net_addr4.o(i.ip4_ntoa)
    ip_chk_frame                             0x00006901   Thumb Code   196  net_ip.o(i.ip_chk_frame)
    ip_get_locadr                            0x000069dd   Thumb Code    54  net_ip.o(i.ip_get_locadr)
    ip_localhost_init                        0x00006a9d   Thumb Code    68  net_ip.o(i.ip_localhost_init)
    ip_localhost_run                         0x00006aed   Thumb Code    86  net_ip.o(i.ip_localhost_run)
    ip_send_frame                            0x00006b4d   Thumb Code   312  net_ip.o(i.ip_send_frame)
    ip_tx_offload                            0x00006c8d   Thumb Code    40  net_ip.o(i.ip_tx_offload)
    is_subnet                                0x00006cbd   Thumb Code    26  net_addr4.o(i.is_subnet)
    is_subnet_bcast                          0x00006cd9   Thumb Code    34  net_ip.o(i.is_subnet_bcast)
    isrMessageGet                            0x00006d01   Thumb Code    42  rt_cmsis.o(i.isrMessageGet)
    isrMessagePut                            0x00006d2b   Thumb Code    44  rt_cmsis.o(i.isrMessagePut)
    isrSignalSet                             0x00006d57   Thumb Code    36  rt_cmsis.o(i.isrSignalSet)
    isr_evt_set                              0x00006d7d   Thumb Code    34  rt_event.o(i.isr_evt_set)
    isr_mbx_receive                          0x00006da5   Thumb Code    86  rt_mailbox.o(i.isr_mbx_receive)
    isr_mbx_send                             0x00006dfb   Thumb Code    14  rt_mailbox.o(i.isr_mbx_send)
    mem_alloc                                0x00006e09   Thumb Code   130  net_mem.o(i.mem_alloc)
    mem_avail                                0x00006e95   Thumb Code    22  net_mem.o(i.mem_avail)
    mem_crc32                                0x00006eb1   Thumb Code    32  net_common.o(i.mem_crc32)
    mem_free                                 0x00006ed1   Thumb Code   100  net_mem.o(i.mem_free)
    mem_init                                 0x00006f3d   Thumb Code    86  net_mem.o(i.mem_init)
    mem_resize                               0x00006fb1   Thumb Code    50  net_mem.o(i.mem_resize)
    nbns_client_init                         0x00006ff5   Thumb Code    40  net_nbns_client.o(i.nbns_client_init)
    net_initialize                           0x00007185   Thumb Code    58  net_sys.o(i.net_initialize)
    net_main                                 0x000071d1   Thumb Code    86  net_sys.o(i.net_main)
    osDelay                                  0x00007249   Thumb Code    18  rt_cmsis.o(i.osDelay)
    osKernelInitialize                       0x00007261   Thumb Code    30  rt_cmsis.o(i.osKernelInitialize)
    osKernelStart                            0x00007285   Thumb Code    98  rt_cmsis.o(i.osKernelStart)
    osKernelSysTick                          0x000072f1   Thumb Code    18  rt_cmsis.o(i.osKernelSysTick)
    osMessageGet                             0x00007309   Thumb Code    18  rt_cmsis.o(i.osMessageGet)
    osMutexCreate                            0x00007321   Thumb Code    36  rt_cmsis.o(i.osMutexCreate)
    osMutexRelease                           0x0000734d   Thumb Code    18  rt_cmsis.o(i.osMutexRelease)
    osMutexWait                              0x00007365   Thumb Code    18  rt_cmsis.o(i.osMutexWait)
    osSignalSet                              0x0000737d   Thumb Code    18  rt_cmsis.o(i.osSignalSet)
    osSignalWait                             0x00007395   Thumb Code    18  rt_cmsis.o(i.osSignalWait)
    osThreadCreate                           0x000073ad   Thumb Code    36  rt_cmsis.o(i.osThreadCreate)
    osThreadExit                             0x000073d9   Thumb Code    14  rt_cmsis.o(i.osThreadExit)
    osThreadYield                            0x000073f1   Thumb Code    18  rt_cmsis.o(i.osThreadYield)
    osTimerCall                              0x00007409   Thumb Code     8  rt_cmsis.o(i.osTimerCall)
    osTimerCreate                            0x00007415   Thumb Code    36  rt_cmsis.o(i.osTimerCreate)
    osTimerStart                             0x00007441   Thumb Code    18  rt_cmsis.o(i.osTimerStart)
    osTimerThread                            0x00007459   Thumb Code    38  rt_cmsis.o(i.osTimerThread)
    os_tick_init                             0x00007485   Thumb Code    32  rt_system.o(i.os_tick_init)
    os_tick_irqack                           0x000074ad   Thumb Code     2  rt_system.o(i.os_tick_irqack)
    os_tick_ovf                              0x000074b1   Thumb Code    10  rt_system.o(i.os_tick_ovf)
    os_tick_val                              0x000074c1   Thumb Code    14  rt_system.o(i.os_tick_val)
    rt_alloc_box                             0x0000759d   Thumb Code    26  rt_membox.o(i.rt_alloc_box)
    rt_alloc_mem                             0x000075b7   Thumb Code    62  rt_memory.o(i.rt_alloc_mem)
    rt_block                                 0x000075f5   Thumb Code    48  rt_task.o(i.rt_block)
    rt_chk_robin                             0x0000762d   Thumb Code    60  rt_robin.o(i.rt_chk_robin)
    rt_dec_dly                               0x00007675   Thumb Code   102  rt_list.o(i.rt_dec_dly)
    rt_dispatch                              0x000076e5   Thumb Code    60  rt_task.o(i.rt_dispatch)
    rt_dly_wait                              0x00007729   Thumb Code     6  rt_time.o(i.rt_dly_wait)
    rt_evt_psh                               0x00007731   Thumb Code    76  rt_event.o(i.rt_evt_psh)
    rt_evt_set                               0x00007781   Thumb Code    88  rt_event.o(i.rt_evt_set)
    rt_evt_wait                              0x000077dd   Thumb Code    56  rt_event.o(i.rt_evt_wait)
    rt_free_box                              0x00007819   Thumb Code    44  rt_membox.o(i.rt_free_box)
    rt_free_mem                              0x00007845   Thumb Code    40  rt_memory.o(i.rt_free_mem)
    rt_get_first                             0x0000786d   Thumb Code    40  rt_list.o(i.rt_get_first)
    rt_get_same_rdy_prio                     0x00007895   Thumb Code    26  rt_list.o(i.rt_get_same_rdy_prio)
    rt_init_mem                              0x00007909   Thumb Code    26  rt_memory.o(i.rt_init_mem)
    rt_init_robin                            0x00007925   Thumb Code    14  rt_robin.o(i.rt_init_robin)
    rt_init_stack                            0x0000793d   Thumb Code   118  hal_cm.o(i.rt_init_stack)
    rt_mbx_check                             0x000079bd   Thumb Code     8  rt_mailbox.o(i.rt_mbx_check)
    rt_mbx_init                              0x000079c5   Thumb Code    26  rt_mailbox.o(i.rt_mbx_init)
    rt_mbx_psh                               0x000079e1   Thumb Code   236  rt_mailbox.o(i.rt_mbx_psh)
    rt_mbx_wait                              0x00007ad1   Thumb Code   174  rt_mailbox.o(i.rt_mbx_wait)
    rt_mut_init                              0x00007bc9   Thumb Code    16  rt_mutex.o(i.rt_mut_init)
    rt_mut_release                           0x00007bd9   Thumb Code   208  rt_mutex.o(i.rt_mut_release)
    rt_mut_wait                              0x00007cb1   Thumb Code   114  rt_mutex.o(i.rt_mut_wait)
    rt_pop_req                               0x00007d29   Thumb Code   112  rt_system.o(i.rt_pop_req)
    rt_psh_req                               0x00007da5   Thumb Code    22  rt_system.o(i.rt_psh_req)
    rt_psq_enq                               0x00007dc5   Thumb Code    88  rt_list.o(i.rt_psq_enq)
    rt_put_dly                               0x00007e21   Thumb Code    68  rt_list.o(i.rt_put_dly)
    rt_put_prio                              0x00007e69   Thumb Code    54  rt_list.o(i.rt_put_prio)
    rt_put_rdy_first                         0x00007ea1   Thumb Code    14  rt_list.o(i.rt_put_rdy_first)
    rt_resort_prio                           0x00007eb5   Thumb Code    46  rt_list.o(i.rt_resort_prio)
    rt_ret_val                               0x00007ee9   Thumb Code     6  hal_cm.o(i.rt_ret_val)
    rt_ret_val2                              0x00007eef   Thumb Code     8  hal_cm.o(i.rt_ret_val2)
    rt_rmv_dly                               0x00007ef7   Thumb Code    40  rt_list.o(i.rt_rmv_dly)
    rt_rmv_list                              0x00007f21   Thumb Code    44  rt_list.o(i.rt_rmv_list)
    rt_sem_psh                               0x00007f51   Thumb Code    48  rt_semaphore.o(i.rt_sem_psh)
    rt_stk_check                             0x00007f85   Thumb Code    28  rt_system.o(i.rt_stk_check)
    rt_switch_req                            0x00007fa9   Thumb Code    30  rt_task.o(i.rt_switch_req)
    rt_sys_init                              0x00007fd1   Thumb Code   138  rt_task.o(i.rt_sys_init)
    rt_sys_start                             0x0000809d   Thumb Code   110  rt_task.o(i.rt_sys_start)
    rt_systick                               0x00008115   Thumb Code    50  rt_system.o(i.rt_systick)
    rt_tsk_create                            0x000081d9   Thumb Code   118  rt_task.o(i.rt_tsk_create)
    rt_tsk_delete                            0x00008261   Thumb Code   352  rt_task.o(i.rt_tsk_delete)
    rt_tsk_pass                              0x000083dd   Thumb Code    38  rt_task.o(i.rt_tsk_pass)
    rt_tsk_prio                              0x0000840d   Thumb Code   108  rt_task.o(i.rt_tsk_prio)
    rt_tsk_self                              0x00008489   Thumb Code    12  rt_task.o(i.rt_tsk_self)
    str_copy                                 0x000084e1   Thumb Code    18  net_common.o(i.str_copy)
    str_pos                                  0x000084f3   Thumb Code    22  net_common.o(i.str_pos)
    str_scomp                                0x00008509   Thumb Code    26  net_common.o(i.str_scomp)
    str_up_case                              0x00008523   Thumb Code    26  net_common.o(i.str_up_case)
    svcDelay                                 0x0000853d   Thumb Code    18  rt_cmsis.o(i.svcDelay)
    svcKernelInitialize                      0x00008551   Thumb Code    80  rt_cmsis.o(i.svcKernelInitialize)
    svcKernelStart                           0x000085c1   Thumb Code    62  rt_cmsis.o(i.svcKernelStart)
    svcKernelSysTick                         0x00008609   Thumb Code    46  rt_cmsis.o(i.svcKernelSysTick)
    svcMessageCreate                         0x00008641   Thumb Code    36  rt_cmsis.o(i.svcMessageCreate)
    svcMessageGet                            0x00008665   Thumb Code    58  rt_cmsis.o(i.svcMessageGet)
    svcMutexCreate                           0x0000869f   Thumb Code    28  rt_cmsis.o(i.svcMutexCreate)
    svcMutexRelease                          0x000086bb   Thumb Code    34  rt_cmsis.o(i.svcMutexRelease)
    svcMutexWait                             0x000086dd   Thumb Code    58  rt_cmsis.o(i.svcMutexWait)
    svcSignalSet                             0x00008717   Thumb Code    36  rt_cmsis.o(i.svcSignalSet)
    svcSignalWait                            0x0000873d   Thumb Code    80  rt_cmsis.o(i.svcSignalWait)
    svcThreadCreate                          0x00008791   Thumb Code    96  rt_cmsis.o(i.svcThreadCreate)
    svcThreadGetId                           0x000087fd   Thumb Code    22  rt_cmsis.o(i.svcThreadGetId)
    svcThreadTerminate                       0x00008819   Thumb Code    50  rt_cmsis.o(i.svcThreadTerminate)
    svcThreadYield                           0x00008851   Thumb Code    10  rt_cmsis.o(i.svcThreadYield)
    svcTimerCall                             0x0000885b   Thumb Code    24  rt_cmsis.o(i.svcTimerCall)
    svcTimerCreate                           0x00008875   Thumb Code    52  rt_cmsis.o(i.svcTimerCreate)
    svcTimerStart                            0x000088ad   Thumb Code    96  rt_cmsis.o(i.svcTimerStart)
    sysTimerTick                             0x00008911   Thumb Code    84  rt_cmsis.o(i.sysTimerTick)
    tcp_abort                                0x0000896d   Thumb Code    82  net_tcp.o(i.tcp_abort)
    tcp_close                                0x000089c5   Thumb Code   154  net_tcp.o(i.tcp_close)
    tcp_get_buf                              0x00008a65   Thumb Code    30  net_tcp.o(i.tcp_get_buf)
    tcp_get_socket                           0x00008a85   Thumb Code    76  net_tcp.o(i.tcp_get_socket)
    tcp_get_state                            0x00008ad5   Thumb Code    34  net_tcp.o(i.tcp_get_state)
    tcp_listen                               0x00008afd   Thumb Code   102  net_tcp.o(i.tcp_listen)
    tcp_max_data_size                        0x00008be5   Thumb Code    30  net_tcp.o(i.tcp_max_data_size)
    tcp_ntoa                                 0x00008c09   Thumb Code     8  net_tcp.o(i.tcp_ntoa)
    tcp_process                              0x00008d8d   Thumb Code  1178  net_tcp.o(i.tcp_process)
    tcp_send                                 0x000092f1   Thumb Code   214  net_tcp.o(i.tcp_send)
    tcp_socket_init                          0x00009509   Thumb Code    16  net_tcp.o(i.tcp_socket_init)
    tcp_socket_poll                          0x0000951d   Thumb Code   668  net_tcp.o(i.tcp_socket_poll)
    udp_get_buf                              0x000098d1   Thumb Code    30  net_udp.o(i.udp_get_buf)
    udp_get_socket                           0x000098f1   Thumb Code    68  net_udp.o(i.udp_get_socket)
    udp_open                                 0x00009939   Thumb Code    98  net_udp.o(i.udp_open)
    udp_process                              0x000099d1   Thumb Code   142  net_udp.o(i.udp_process)
    udp_send                                 0x00009a69   Thumb Code   260  net_udp.o(i.udp_send)
    udp_socket_init                          0x00009b71   Thumb Code    16  net_udp.o(i.udp_socket_init)
    Arial12x12                               0x00009c74   Data        2400  http_server.o(.constdata)
    os_thread_def_Display                    0x0000a5d4   Data          16  http_server.o(.constdata)
    LED_PIN                                  0x0000a5e4   Data          16  led.o(.constdata)
    imageLastModified                        0x0000a5f4   Data           4  web.o(.constdata)
    os_maxtaskrun                            0x000113d8   Data           2  rtx_conf_cm.o(.constdata)
    os_stackinfo                             0x000113dc   Data           4  rtx_conf_cm.o(.constdata)
    os_rrobin                                0x000113e0   Data           4  rtx_conf_cm.o(.constdata)
    os_tickus_i                              0x000113e4   Data           2  rtx_conf_cm.o(.constdata)
    os_tickus_f                              0x000113e6   Data           2  rtx_conf_cm.o(.constdata)
    os_trv                                   0x000113e8   Data           4  rtx_conf_cm.o(.constdata)
    os_flags                                 0x000113ec   Data           1  rtx_conf_cm.o(.constdata)
    CMSIS_RTOS_API_Version                   0x000113f0   Data           4  rtx_conf_cm.o(.constdata)
    CMSIS_RTOS_RTX_Version                   0x000113f4   Data           4  rtx_conf_cm.o(.constdata)
    os_clockrate                             0x000113f8   Data           4  rtx_conf_cm.o(.constdata)
    os_timernum                              0x000113fc   Data           4  rtx_conf_cm.o(.constdata)
    os_thread_def_main                       0x00011400   Data          16  rtx_conf_cm.o(.constdata)
    mp_tcb_size                              0x00011410   Data           2  rtx_conf_cm.o(.constdata)
    mp_stk_size                              0x00011414   Data           4  rtx_conf_cm.o(.constdata)
    os_stack_sz                              0x00011418   Data           4  rtx_conf_cm.o(.constdata)
    os_fifo_size                             0x0001141c   Data           1  rtx_conf_cm.o(.constdata)
    os_thread_def_osTimerThread              0x00011420   Data          16  rtx_conf_cm.o(.constdata)
    os_messageQ_def_osTimerMessageQ          0x00011430   Data           8  rtx_conf_cm.o(.constdata)
    mp_tmr_size                              0x00011438   Data           2  rtx_conf_cm.o(.constdata)
    Driver_ETH_PHY0                          0x00011440   Data          32  phy_dp83848c.o(.constdata)
    Driver_ETH_MAC0                          0x00011468   Data          68  emac_lpc17xx.o(.constdata)
    Driver_SPI1                              0x000114fc   Data          44  ssp_lpc17xx.o(.constdata)
    nlocalm                                  0x00011528   Data          60  net_config.o(.constdata)
    sys_config                               0x00011564   Data          16  net_config.o(.constdata)
    eth0_config                              0x00011574   Data          40  net_config.o(.constdata)
    udp_config                               0x0001159c   Data           8  net_config.o(.constdata)
    tcp_config                               0x000115a4   Data          24  net_config.o(.constdata)
    http_config                              0x000115bc   Data          24  net_config.o(.constdata)
    eth_bcast                                0x000115d4   Data           6  net_eth.o(.constdata)
    os_thread_def_eth_thread                 0x000115e0   Data          16  net_eth.o(.constdata)
    ip_bcast                                 0x000115f8   Data           4  net_ip.o(.constdata)
    net_addr_null                            0x0001172e   Data           8  net_addr4.o(.constdata)
    os_timer_def_net_tick                    0x00011738   Data           8  net_sys.o(.constdata)
    http_error                               0x00011740   Data          24  net_http_server_err.o(.constdata)
    os_mutex_def_mem_lock                    0x00011758   Data           4  net_mem.o(.constdata)
    __ctype_table                            0x0001175c   Data         129  ctype_o.o(.constdata)
    Region$$Table$$Base                      0x00011b54   Number         0  anon$$obj.o(Region$$Table)
    Region$$Table$$Limit                     0x00011b74   Number         0  anon$$obj.o(Region$$Table)
    __MW_NET_VER                             0x06070007   Number         0  net_version.o ABSOLUTE
    LCDupdate                                0x10000000   Data           1  http_server.o(.data)
    posicionL1                               0x10000004   Data           4  http_server.o(.data)
    posicionL2                               0x10000008   Data           4  http_server.o(.data)
    LEDrun                                   0x1000000c   Data           1  http_server.o(.data)
    SPIdrv                                   0x10000018   Data           4  lcd.o(.data)
    m_tmr                                    0x10000020   Data           4  rtx_conf_cm.o(.data)
    osThreadId_osTimerThread                 0x10000024   Data           4  rtx_conf_cm.o(.data)
    osMessageQId_osTimerMessageQ             0x10000028   Data           4  rtx_conf_cm.o(.data)
    iap_entry                                0x1000002c   Data           4  emac_lpc17xx.o(.data)
    SystemCoreClock                          0x1000005c   Data           4  system_lpc17xx_1.o(.data)
    lhost_name                               0x10000060   Data          16  net_config.o(.data)
    os_initialized                           0x10000078   Data           1  rt_cmsis.o(.data)
    os_running                               0x10000079   Data           1  rt_cmsis.o(.data)
    os_timer_head                            0x1000007c   Data           4  rt_cmsis.o(.data)
    os_tsk                                   0x100000a4   Data           8  rt_task.o(.data)
    os_tick_irqn                             0x100000b0   Data           4  rt_system.o(.data)
    os_time                                  0x100000b4   Data           4  rt_time.o(.data)
    dbg_msg                                  0x100000b8   Data           1  hal_cm.o(.data)
    os_robin                                 0x100000bc   Data           8  rt_robin.o(.data)
    lcd_text                                 0x100000c8   Data          42  http_server.o(.bss)
    buffer                                   0x100000f2   Data         512  lcd.o(.bss)
    os_messageQ_q_osTimerMessageQ            0x100002f4   Data          32  rtx_conf_cm.o(.bss)
    mp_tcb                                   0x10000314   Data         272  rtx_conf_cm.o(.bss)
    mp_stk                                   0x10000428   Data        1232  rtx_conf_cm.o(.bss)
    os_stack_mem                             0x100008f8   Data        1032  rtx_conf_cm.o(.bss)
    os_fifo                                  0x10000d00   Data         132  rtx_conf_cm.o(.bss)
    os_active_TCB                            0x10000d84   Data          20  rtx_conf_cm.o(.bss)
    eth_control                              0x10006b94   Data         136  net_eth.o(.bss)
    localm                                   0x10006c5c   Data          60  net_sys.o(.bss)
    sys_control                              0x10006c98   Data          24  net_sys.o(.bss)
    os_timer_cb_net_tick                     0x10006cb0   Data          24  net_sys.o(.bss)
    os_idle_TCB                              0x10006cc8   Data          52  rt_task.o(.bss)
    os_rdy                                   0x10006cfc   Data          24  rt_list.o(.bss)
    os_dly                                   0x10006d14   Data          24  rt_list.o(.bss)
    __initial_sp                             0x10006f50   Data           0  startup_lpc17xx_1.o(STACK)



==============================================================================

Memory Map of the image

  Image Entry point : 0x000000cd

  Load Region LR_IROM1 (Base: 0x00000000, Size: 0x00011c3c, Max: 0x00080000, ABSOLUTE)

    Execution Region ER_IROM1 (Exec base: 0x00000000, Load base: 0x00000000, Size: 0x00011b74, Max: 0x00080000, ABSOLUTE)

    Exec Addr    Load Addr    Size         Type   Attr      Idx    E Section Name        Object

    0x00000000   0x00000000   0x000000cc   Data   RO          538    RESET               startup_lpc17xx_1.o
    0x000000cc   0x000000cc   0x00000000   Code   RO         2299  * .ARM.Collect$$$$00000000  mc_w.l(entry.o)
    0x000000cc   0x000000cc   0x00000004   Code   RO         2595    .ARM.Collect$$$$00000001  mc_w.l(entry2.o)
    0x000000d0   0x000000d0   0x00000004   Code   RO         2598    .ARM.Collect$$$$00000004  mc_w.l(entry5.o)
    0x000000d4   0x000000d4   0x00000000   Code   RO         2600    .ARM.Collect$$$$00000008  mc_w.l(entry7b.o)
    0x000000d4   0x000000d4   0x00000000   Code   RO         2602    .ARM.Collect$$$$0000000A  mc_w.l(entry8b.o)
    0x000000d4   0x000000d4   0x00000004   Code   RO         2608    .ARM.Collect$$$$0000000E  mc_w.l(entry12b.o)
    0x000000d8   0x000000d8   0x00000000   Code   RO         2603    .ARM.Collect$$$$0000000F  mc_w.l(entry10a.o)
    0x000000d8   0x000000d8   0x00000000   Code   RO         2605    .ARM.Collect$$$$00000011  mc_w.l(entry11a.o)
    0x000000d8   0x000000d8   0x00000018   Code   RO          302    .ARM.Collect$$$$000000FF  rtx_conf_cm.o
    0x000000f0   0x000000f0   0x00000004   Code   RO         2596    .ARM.Collect$$$$00002712  mc_w.l(entry2.o)
    0x000000f4   0x000000f4   0x00000130   Code   RO         2286    .emb_text           RTX_CM3.lib(hal_cm3.o)
    0x00000224   0x00000224   0x000000d8   Code   RO          191    .text               adc_mcb1700.o
    0x000002fc   0x000002fc   0x00000004   Code   RO          539    .ARM.__at_0x02FC    startup_lpc17xx_1.o
    0x00000300   0x00000300   0x00000220   Code   RO            1    .text               http_server.o
    0x00000520   0x00000520   0x00000604   Code   RO           67    .text               http_server_cgi.o
    0x00000b24   0x00000b24   0x000000e8   Code   RO          104    .text               led.o
    0x00000c0c   0x00000c0c   0x00000208   Code   RO          126    .text               lcd.o
    0x00000e14   0x00000e14   0x0000005c   Code   RO          219    .text               web.o
    0x00000e70   0x00000e70   0x00000054   Code   RO          239    .text               buttons_mcb1700.o
    0x00000ec4   0x00000ec4   0x00000004   Code   RO          303    .text               rtx_conf_cm.o
    0x00000ec8   0x00000ec8   0x000001b0   Code   RO          354    .text               phy_dp83848c.o
    0x00001078   0x00001078   0x000009e4   Code   RO          376    .text               emac_lpc17xx.o
    0x00001a5c   0x00001a5c   0x00000b8c   Code   RO          422    .text               ssp_lpc17xx.o
    0x000025e8   0x000025e8   0x00000368   Code   RO          464    .text               gpdma_lpc17xx.o
    0x00002950   0x00002950   0x0000007c   Code   RO          491    .text               gpio_lpc17xx.o
    0x000029cc   0x000029cc   0x00000098   Code   RO          515    .text               pin_lpc17xx.o
    0x00002a64   0x00002a64   0x00000024   Code   RO          540    .text               startup_lpc17xx_1.o
    0x00002a88   0x00002a88   0x0000019c   Code   RO          549    .text               system_lpc17xx_1.o
    0x00002c24   0x00002c24   0x0000006c   Code   RO          576    .text               net_config.o
    0x00002c90   0x00002c90   0x00000062   Code   RO         2302    .text               mc_w.l(uldiv.o)
    0x00002cf2   0x00002cf2   0x00000024   Code   RO         2304    .text               mc_w.l(memcpya.o)
    0x00002d16   0x00002d16   0x00000024   Code   RO         2306    .text               mc_w.l(memseta.o)
    0x00002d3a   0x00002d3a   0x0000000e   Code   RO         2308    .text               mc_w.l(strlen.o)
    0x00002d48   0x00002d48   0x0000001c   Code   RO         2310    .text               mc_w.l(strcmp.o)
    0x00002d64   0x00002d64   0x0000001a   Code   RO         2312    .text               mc_w.l(memcmp.o)
    0x00002d7e   0x00002d7e   0x00000012   Code   RO         2314    .text               mc_w.l(strcpy.o)
    0x00002d90   0x00002d90   0x0000001e   Code   RO         2316    .text               mc_w.l(strncmp.o)
    0x00002dae   0x00002dae   0x00000002   PAD
    0x00002db0   0x00002db0   0x00000038   Code   RO         2581    .text               mc_w.l(__0sscanf.o)
    0x00002de8   0x00002de8   0x0000014c   Code   RO         2583    .text               mc_w.l(_scanf_int.o)
    0x00002f34   0x00002f34   0x0000001a   Code   RO         2585    .text               mc_w.l(atoi.o)
    0x00002f4e   0x00002f4e   0x00000064   Code   RO         2587    .text               mf_w.l(fmul.o)
    0x00002fb2   0x00002fb2   0x00000018   Code   RO         2589    .text               mf_w.l(fscalb.o)
    0x00002fca   0x00002fca   0x0000000a   Code   RO         2591    .text               mf_w.l(ffltui.o)
    0x00002fd4   0x00002fd4   0x00000026   Code   RO         2593    .text               mf_w.l(f2d.o)
    0x00002ffa   0x00002ffa   0x0000002c   Code   RO         2612    .text               mc_w.l(uidiv.o)
    0x00003026   0x00003026   0x0000001e   Code   RO         2614    .text               mc_w.l(llshl.o)
    0x00003044   0x00003044   0x00000020   Code   RO         2616    .text               mc_w.l(llushr.o)
    0x00003064   0x00003064   0x0000001c   Code   RO         2625    .text               mc_w.l(_chval.o)
    0x00003080   0x00003080   0x00000028   Code   RO         2627    .text               mc_w.l(scanf_char.o)
    0x000030a8   0x000030a8   0x00000040   Code   RO         2629    .text               mc_w.l(_sgetc.o)
    0x000030e8   0x000030e8   0x00000070   Code   RO         2631    .text               mc_w.l(strtol.o)
    0x00003158   0x00003158   0x00000000   Code   RO         2633    .text               mc_w.l(iusefp.o)
    0x00003158   0x00003158   0x0000006e   Code   RO         2634    .text               mf_w.l(fepilogue.o)
    0x000031c6   0x000031c6   0x0000014e   Code   RO         2636    .text               mf_w.l(dadd.o)
    0x00003314   0x00003314   0x000000e4   Code   RO         2638    .text               mf_w.l(dmul.o)
    0x000033f8   0x000033f8   0x000000de   Code   RO         2640    .text               mf_w.l(ddiv.o)
    0x000034d6   0x000034d6   0x00000030   Code   RO         2642    .text               mf_w.l(dfixul.o)
    0x00003506   0x00003506   0x00000002   PAD
    0x00003508   0x00003508   0x00000030   Code   RO         2644    .text               mf_w.l(cdrcmple.o)
    0x00003538   0x00003538   0x00000024   Code   RO         2646    .text               mc_w.l(init.o)
    0x0000355c   0x0000355c   0x00000024   Code   RO         2649    .text               mc_w.l(llsshr.o)
    0x00003580   0x00003580   0x00000008   Code   RO         2653    .text               mc_w.l(ctype_o.o)
    0x00003588   0x00003588   0x00000012   Code   RO         2675    .text               mc_w.l(isspace_o.o)
    0x0000359a   0x0000359a   0x00000002   PAD
    0x0000359c   0x0000359c   0x00000330   Code   RO         2681    .text               mc_w.l(_scanf.o)
    0x000038cc   0x000038cc   0x0000009e   Code   RO         2683    .text               mc_w.l(_strtoul.o)
    0x0000396a   0x0000396a   0x000000ba   Code   RO         2686    .text               mf_w.l(depilogue.o)
    0x00003a24   0x00003a24   0x00000004   Code   RO         2296    SVC_TABLE           RTX_CM3.lib(svc_table.o)
    0x00003a28   0x00003a28   0x00000028   Code   RO         2555    i.__0sprintf        mc_w.l(printfa.o)
    0x00003a50   0x00003a50   0x00000008   Code   RO         2618    i.__aeabi_errno_addr  mc_w.l(errno.o)
    0x00003a58   0x00003a58   0x0000000e   Code   RO         2692    i.__scatterload_copy  mc_w.l(handlers.o)
    0x00003a66   0x00003a66   0x00000002   Code   RO         2693    i.__scatterload_null  mc_w.l(handlers.o)
    0x00003a68   0x00003a68   0x0000000e   Code   RO         2694    i.__scatterload_zeroinit  mc_w.l(handlers.o)
    0x00003a76   0x00003a76   0x00000002   PAD
    0x00003a78   0x00003a78   0x00000184   Code   RO         2560    i._fp_digits        mc_w.l(printfa.o)
    0x00003bfc   0x00003bfc   0x00000046   Code   RO         2094    i._init_box         RTX_CM3.lib(rt_membox.o)
    0x00003c42   0x00003c42   0x00000002   PAD
    0x00003c44   0x00003c44   0x000006b4   Code   RO         2561    i._printf_core      mc_w.l(printfa.o)
    0x000042f8   0x000042f8   0x00000024   Code   RO         2562    i._printf_post_padding  mc_w.l(printfa.o)
    0x0000431c   0x0000431c   0x0000002e   Code   RO         2563    i._printf_pre_padding  mc_w.l(printfa.o)
    0x0000434a   0x0000434a   0x0000000a   Code   RO         2565    i._sputc            mc_w.l(printfa.o)
    0x00004354   0x00004354   0x00000034   Code   RO         1519    i.add_server_id     Net_CM3_L.lib(net_http_server.o)
    0x00004388   0x00004388   0x000000a4   Code   RO         1280    i.arp_cache_add     Net_CM3_L.lib(net_arp.o)
    0x0000442c   0x0000442c   0x00000088   Code   RO         1281    i.arp_cache_alloc   Net_CM3_L.lib(net_arp.o)
    0x000044b4   0x000044b4   0x00000088   Code   RO         1282    i.arp_cache_early   Net_CM3_L.lib(net_arp.o)
    0x0000453c   0x0000453c   0x000000a0   Code   RO         1283    i.arp_cache_find    Net_CM3_L.lib(net_arp.o)
    0x000045dc   0x000045dc   0x000000e4   Code   RO         1286    i.arp_cache_update  Net_CM3_L.lib(net_arp.o)
    0x000046c0   0x000046c0   0x00000030   Code   RO         1290    i.arp_init          Net_CM3_L.lib(net_arp.o)
    0x000046f0   0x000046f0   0x0000003c   Code   RO         1291    i.arp_is_cacheable  Net_CM3_L.lib(net_arp.o)
    0x0000472c   0x0000472c   0x00000028   Code   RO         1292    i.arp_notify        Net_CM3_L.lib(net_arp.o)
    0x00004754   0x00004754   0x00000074   Code   RO         1294    i.arp_proc_response  Net_CM3_L.lib(net_arp.o)
    0x000047c8   0x000047c8   0x00000120   Code   RO         1295    i.arp_process       Net_CM3_L.lib(net_arp.o)
    0x000048e8   0x000048e8   0x00000088   Code   RO         1296    i.arp_send_reply    Net_CM3_L.lib(net_arp.o)
    0x00004970   0x00004970   0x000000b8   Code   RO         1297    i.arp_send_request  Net_CM3_L.lib(net_arp.o)
    0x00004a28   0x00004a28   0x0000007a   Code   RO         2227    i.b64_to_asc        Net_CM3_L.lib(net_common.o)
    0x00004aa2   0x00004aa2   0x00000004   Code   RO         1520    i.cgi_content_type  Net_CM3_L.lib(net_http_server.o)
    0x00004aa6   0x00004aa6   0x00000004   Code   RO         1524    i.cgx_content_type  Net_CM3_L.lib(net_http_server.o)
    0x00004aaa   0x00004aaa   0x00000002   PAD
    0x00004aac   0x00004aac   0x00000170   Code   RO         1525    i.chk_post_req      Net_CM3_L.lib(net_http_server.o)
    0x00004c1c   0x00004c1c   0x00000032   Code   RO         2229    i.chksum16          Net_CM3_L.lib(net_common.o)
    0x00004c4e   0x00004c4e   0x0000001e   Code   RO         1526    i.cmp_fname_ext     Net_CM3_L.lib(net_http_server.o)
    0x00004c6c   0x00004c6c   0x00000028   Code   RO         1527    i.cmp_header        Net_CM3_L.lib(net_http_server.o)
    0x00004c94   0x00004c94   0x00000030   Code   RO         2147    i.dbg_init          RTX_CM3.lib(hal_cm.o)
    0x00004cc4   0x00004cc4   0x00000020   Code   RO         2148    i.dbg_task_notify   RTX_CM3.lib(hal_cm.o)
    0x00004ce4   0x00004ce4   0x00000010   Code   RO         2149    i.dbg_task_switch   RTX_CM3.lib(hal_cm.o)
    0x00004cf4   0x00004cf4   0x000000e8   Code   RO         1247    i.eth_check_link    Net_CM3_L.lib(net_eth.o)
    0x00004ddc   0x00004ddc   0x00000020   Code   RO         1248    i.eth_chk_addr      Net_CM3_L.lib(net_eth.o)
    0x00004dfc   0x00004dfc   0x00000070   Code   RO         1249    i.eth_fetch_frame   Net_CM3_L.lib(net_eth.o)
    0x00004e6c   0x00004e6c   0x000000f8   Code   RO         1251    i.eth_init_link     Net_CM3_L.lib(net_eth.o)
    0x00004f64   0x00004f64   0x00000002   Code   RO         1252    i.eth_link_notify   Net_CM3_L.lib(net_eth.o)
    0x00004f66   0x00004f66   0x00000002   PAD
    0x00004f68   0x00004f68   0x00000014   Code   RO         1253    i.eth_notify        Net_CM3_L.lib(net_eth.o)
    0x00004f7c   0x00004f7c   0x00000064   Code   RO         1254    i.eth_output        Net_CM3_L.lib(net_eth.o)
    0x00004fe0   0x00004fe0   0x000000e4   Code   RO         1255    i.eth_run_link      Net_CM3_L.lib(net_eth.o)
    0x000050c4   0x000050c4   0x000000a4   Code   RO         1256    i.eth_send_frame    Net_CM3_L.lib(net_eth.o)
    0x00005168   0x00005168   0x00000090   Code   RO         1257    i.eth_set_filter    Net_CM3_L.lib(net_eth.o)
    0x000051f8   0x000051f8   0x0000000e   Code   RO         1258    i.eth_thread        Net_CM3_L.lib(net_eth.o)
    0x00005206   0x00005206   0x00000002   PAD
    0x00005208   0x00005208   0x0000001c   Code   RO         2231    i.get_crc32         Net_CM3_L.lib(net_common.o)
    0x00005224   0x00005224   0x00000028   Code   RO         1528    i.get_next_field    Net_CM3_L.lib(net_http_server.o)
    0x0000524c   0x0000524c   0x00000032   Code   RO         1529    i.get_next_par      Net_CM3_L.lib(net_http_server.o)
    0x0000527e   0x0000527e   0x00000002   PAD
    0x00005280   0x00005280   0x0000001c   Code   RO         1626    i.get_rnd32         Net_CM3_L.lib(net_sys.o)
    0x0000529c   0x0000529c   0x00000012   Code   RO         1530    i.hex2byte          Net_CM3_L.lib(net_http_server.o)
    0x000052ae   0x000052ae   0x00000004   Code   RO         1531    i.http_accept_client  Net_CM3_L.lib(net_http_server.o)
    0x000052b2   0x000052b2   0x00000002   PAD
    0x000052b4   0x000052b4   0x00000310   Code   RO         1532    i.http_add_header   Net_CM3_L.lib(net_http_server.o)
    0x000055c4   0x000055c4   0x00000004   Code   RO         1533    i.http_check_account  Net_CM3_L.lib(net_http_server.o)
    0x000055c8   0x000055c8   0x00000004   Code   RO         1534    i.http_encoding     Net_CM3_L.lib(net_http_server.o)
    0x000055cc   0x000055cc   0x00000178   Code   RO         1535    i.http_error_msg    Net_CM3_L.lib(net_http_server.o)
    0x00005744   0x00005744   0x00000004   Code   RO         1536    i.http_file_access  Net_CM3_L.lib(net_http_server.o)
    0x00005748   0x00005748   0x0000006c   Code   RO         1537    i.http_get_env_var  Net_CM3_L.lib(net_http_server.o)
    0x000057b4   0x000057b4   0x00000078   Code   RO         1538    i.http_get_ftype    Net_CM3_L.lib(net_http_server.o)
    0x0000582c   0x0000582c   0x0000005e   Code   RO         1540    i.http_kill_session  Net_CM3_L.lib(net_http_server.o)
    0x0000588a   0x0000588a   0x00000002   PAD
    0x0000588c   0x0000588c   0x00000214   Code   RO         1541    i.http_listener     Net_CM3_L.lib(net_http_server.o)
    0x00005aa0   0x00005aa0   0x000000f0   Code   RO         1542    i.http_open_file    Net_CM3_L.lib(net_http_server.o)
    0x00005b90   0x00005b90   0x0000014c   Code   RO         1543    i.http_proc_header  Net_CM3_L.lib(net_http_server.o)
    0x00005cdc   0x00005cdc   0x00000178   Code   RO         1544    i.http_proc_multipart  Net_CM3_L.lib(net_http_server.o)
    0x00005e54   0x00005e54   0x000000f4   Code   RO         1545    i.http_proc_post    Net_CM3_L.lib(net_http_server.o)
    0x00005f48   0x00005f48   0x00000024   Code   RO         1548    i.http_server_get_lang  Net_CM3_L.lib(net_http_server.o)
    0x00005f6c   0x00005f6c   0x0000005c   Code   RO         1550    i.http_server_init  Net_CM3_L.lib(net_http_server.o)
    0x00005fc8   0x00005fc8   0x00000334   Code   RO         1551    i.http_server_run   Net_CM3_L.lib(net_http_server.o)
    0x000062fc   0x000062fc   0x00000020   Code   RO         1552    i.http_strcpy       Net_CM3_L.lib(net_http_server.o)
    0x0000631c   0x0000631c   0x000000a4   Code   RO         1553    i.http_to_utc       Net_CM3_L.lib(net_http_server.o)
    0x000063c0   0x000063c0   0x000000dc   Code   RO         1383    i.icmp_process      Net_CM3_L.lib(net_icmp.o)
    0x0000649c   0x0000649c   0x00000080   Code   RO         1384    i.icmp_send_message  Net_CM3_L.lib(net_icmp.o)
    0x0000651c   0x0000651c   0x00000010   Code   RO         1385    i.icmp_service_init  Net_CM3_L.lib(net_icmp.o)
    0x0000652c   0x0000652c   0x00000048   Code   RO         1386    i.icmp_service_run  Net_CM3_L.lib(net_icmp.o)
    0x00006574   0x00006574   0x00000030   Code   RO         1324    i.igmp_host_init    Net_CM3_L.lib(net_igmp.o)
    0x000065a4   0x000065a4   0x00000080   Code   RO         1325    i.igmp_host_run     Net_CM3_L.lib(net_igmp.o)
    0x00006624   0x00006624   0x0000001c   Code   RO         1326    i.igmp_is_member    Net_CM3_L.lib(net_igmp.o)
    0x00006640   0x00006640   0x0000002c   Code   RO         1329    i.igmp_map_group    Net_CM3_L.lib(net_igmp.o)
    0x0000666c   0x0000666c   0x000000e8   Code   RO         1330    i.igmp_process      Net_CM3_L.lib(net_igmp.o)
    0x00006754   0x00006754   0x0000006c   Code   RO         1331    i.igmp_send_report  Net_CM3_L.lib(net_igmp.o)
    0x000067c0   0x000067c0   0x00000054   Code   RO         1332    i.igmp_set_filter   Net_CM3_L.lib(net_igmp.o)
    0x00006814   0x00006814   0x00000068   Code   RO         1607    i.ip4_aton          Net_CM3_L.lib(net_addr4.o)
    0x0000687c   0x0000687c   0x0000004c   Code   RO         1350    i.ip4_checksum      Net_CM3_L.lib(net_ip.o)
    0x000068c8   0x000068c8   0x00000038   Code   RO         1608    i.ip4_ntoa          Net_CM3_L.lib(net_addr4.o)
    0x00006900   0x00006900   0x000000d0   Code   RO         1351    i.ip_chk_frame      Net_CM3_L.lib(net_ip.o)
    0x000069d0   0x000069d0   0x0000000a   Code   RO         1353    i.ip_get_chksum     Net_CM3_L.lib(net_ip.o)
    0x000069da   0x000069da   0x00000002   PAD
    0x000069dc   0x000069dc   0x00000044   Code   RO         1354    i.ip_get_locadr     Net_CM3_L.lib(net_ip.o)
    0x00006a20   0x00006a20   0x0000007c   Code   RO         1355    i.ip_get_route      Net_CM3_L.lib(net_ip.o)
    0x00006a9c   0x00006a9c   0x00000050   Code   RO         1356    i.ip_localhost_init  Net_CM3_L.lib(net_ip.o)
    0x00006aec   0x00006aec   0x00000060   Code   RO         1357    i.ip_localhost_run  Net_CM3_L.lib(net_ip.o)
    0x00006b4c   0x00006b4c   0x00000140   Code   RO         1358    i.ip_send_frame     Net_CM3_L.lib(net_ip.o)
    0x00006c8c   0x00006c8c   0x00000030   Code   RO         1359    i.ip_tx_offload     Net_CM3_L.lib(net_ip.o)
    0x00006cbc   0x00006cbc   0x0000001a   Code   RO         1609    i.is_subnet         Net_CM3_L.lib(net_addr4.o)
    0x00006cd6   0x00006cd6   0x00000002   PAD
    0x00006cd8   0x00006cd8   0x00000028   Code   RO         1360    i.is_subnet_bcast   Net_CM3_L.lib(net_ip.o)
    0x00006d00   0x00006d00   0x0000002a   Code   RO          625    i.isrMessageGet     RTX_CM3.lib(rt_cmsis.o)
    0x00006d2a   0x00006d2a   0x0000002c   Code   RO          626    i.isrMessagePut     RTX_CM3.lib(rt_cmsis.o)
    0x00006d56   0x00006d56   0x00000024   Code   RO          628    i.isrSignalSet      RTX_CM3.lib(rt_cmsis.o)
    0x00006d7a   0x00006d7a   0x00000002   PAD
    0x00006d7c   0x00006d7c   0x00000028   Code   RO         1818    i.isr_evt_set       RTX_CM3.lib(rt_event.o)
    0x00006da4   0x00006da4   0x00000056   Code   RO         1940    i.isr_mbx_receive   RTX_CM3.lib(rt_mailbox.o)
    0x00006dfa   0x00006dfa   0x0000000e   Code   RO         1941    i.isr_mbx_send      RTX_CM3.lib(rt_mailbox.o)
    0x00006e08   0x00006e08   0x0000008c   Code   RO         2203    i.mem_alloc         Net_CM3_L.lib(net_mem.o)
    0x00006e94   0x00006e94   0x0000001c   Code   RO         2204    i.mem_avail         Net_CM3_L.lib(net_mem.o)
    0x00006eb0   0x00006eb0   0x00000020   Code   RO         2232    i.mem_crc32         Net_CM3_L.lib(net_common.o)
    0x00006ed0   0x00006ed0   0x0000006c   Code   RO         2205    i.mem_free          Net_CM3_L.lib(net_mem.o)
    0x00006f3c   0x00006f3c   0x00000064   Code   RO         2206    i.mem_init          Net_CM3_L.lib(net_mem.o)
    0x00006fa0   0x00006fa0   0x00000010   Code   RO         2207    i.mem_lock          Net_CM3_L.lib(net_mem.o)
    0x00006fb0   0x00006fb0   0x00000038   Code   RO         2208    i.mem_resize        Net_CM3_L.lib(net_mem.o)
    0x00006fe8   0x00006fe8   0x0000000c   Code   RO         2209    i.mem_unlock        Net_CM3_L.lib(net_mem.o)
    0x00006ff4   0x00006ff4   0x00000030   Code   RO         1507    i.nbns_client_init  Net_CM3_L.lib(net_nbns_client.o)
    0x00007024   0x00007024   0x00000160   Code   RO         1508    i.nbns_listener     Net_CM3_L.lib(net_nbns_client.o)
    0x00007184   0x00007184   0x0000004c   Code   RO         1627    i.net_initialize    Net_CM3_L.lib(net_sys.o)
    0x000071d0   0x000071d0   0x00000064   Code   RO         1628    i.net_main          Net_CM3_L.lib(net_sys.o)
    0x00007234   0x00007234   0x00000014   Code   RO         1629    i.net_timer_tick    Net_CM3_L.lib(net_sys.o)
    0x00007248   0x00007248   0x00000018   Code   RO          629    i.osDelay           RTX_CM3.lib(rt_cmsis.o)
    0x00007260   0x00007260   0x00000024   Code   RO          630    i.osKernelInitialize  RTX_CM3.lib(rt_cmsis.o)
    0x00007284   0x00007284   0x0000006c   Code   RO          632    i.osKernelStart     RTX_CM3.lib(rt_cmsis.o)
    0x000072f0   0x000072f0   0x00000018   Code   RO          633    i.osKernelSysTick   RTX_CM3.lib(rt_cmsis.o)
    0x00007308   0x00007308   0x00000018   Code   RO          641    i.osMessageGet      RTX_CM3.lib(rt_cmsis.o)
    0x00007320   0x00007320   0x0000002c   Code   RO          643    i.osMutexCreate     RTX_CM3.lib(rt_cmsis.o)
    0x0000734c   0x0000734c   0x00000018   Code   RO          645    i.osMutexRelease    RTX_CM3.lib(rt_cmsis.o)
    0x00007364   0x00007364   0x00000018   Code   RO          646    i.osMutexWait       RTX_CM3.lib(rt_cmsis.o)
    0x0000737c   0x0000737c   0x00000018   Code   RO          656    i.osSignalSet       RTX_CM3.lib(rt_cmsis.o)
    0x00007394   0x00007394   0x00000018   Code   RO          657    i.osSignalWait      RTX_CM3.lib(rt_cmsis.o)
    0x000073ac   0x000073ac   0x0000002c   Code   RO          658    i.osThreadCreate    RTX_CM3.lib(rt_cmsis.o)
    0x000073d8   0x000073d8   0x00000018   Code   RO          659    i.osThreadExit      RTX_CM3.lib(rt_cmsis.o)
    0x000073f0   0x000073f0   0x00000018   Code   RO          664    i.osThreadYield     RTX_CM3.lib(rt_cmsis.o)
    0x00007408   0x00007408   0x0000000c   Code   RO          665    i.osTimerCall       RTX_CM3.lib(rt_cmsis.o)
    0x00007414   0x00007414   0x0000002c   Code   RO          666    i.osTimerCreate     RTX_CM3.lib(rt_cmsis.o)
    0x00007440   0x00007440   0x00000018   Code   RO          668    i.osTimerStart      RTX_CM3.lib(rt_cmsis.o)
    0x00007458   0x00007458   0x0000002c   Code   RO          670    i.osTimerThread     RTX_CM3.lib(rt_cmsis.o)
    0x00007484   0x00007484   0x00000028   Code   RO         1728    i.os_tick_init      RTX_CM3.lib(rt_system.o)
    0x000074ac   0x000074ac   0x00000002   Code   RO         1729    i.os_tick_irqack    RTX_CM3.lib(rt_system.o)
    0x000074ae   0x000074ae   0x00000002   PAD
    0x000074b0   0x000074b0   0x00000010   Code   RO         1730    i.os_tick_ovf       RTX_CM3.lib(rt_system.o)
    0x000074c0   0x000074c0   0x00000014   Code   RO         1731    i.os_tick_val       RTX_CM3.lib(rt_system.o)
    0x000074d4   0x000074d4   0x00000028   Code   RO         1555    i.proc_req_line     Net_CM3_L.lib(net_http_server.o)
    0x000074fc   0x000074fc   0x000000a0   Code   RO         1556    i.read_script_line  Net_CM3_L.lib(net_http_server.o)
    0x0000759c   0x0000759c   0x0000001a   Code   RO         2095    i.rt_alloc_box      RTX_CM3.lib(rt_membox.o)
    0x000075b6   0x000075b6   0x0000003e   Code   RO         2123    i.rt_alloc_mem      RTX_CM3.lib(rt_memory.o)
    0x000075f4   0x000075f4   0x00000038   Code   RO         1643    i.rt_block          RTX_CM3.lib(rt_task.o)
    0x0000762c   0x0000762c   0x00000048   Code   RO         2265    i.rt_chk_robin      RTX_CM3.lib(rt_robin.o)
    0x00007674   0x00007674   0x00000070   Code   RO         1864    i.rt_dec_dly        RTX_CM3.lib(rt_list.o)
    0x000076e4   0x000076e4   0x00000044   Code   RO         1644    i.rt_dispatch       RTX_CM3.lib(rt_task.o)
    0x00007728   0x00007728   0x00000006   Code   RO         2030    i.rt_dly_wait       RTX_CM3.lib(rt_time.o)
    0x0000772e   0x0000772e   0x00000002   PAD
    0x00007730   0x00007730   0x00000050   Code   RO         1821    i.rt_evt_psh        RTX_CM3.lib(rt_event.o)
    0x00007780   0x00007780   0x0000005c   Code   RO         1822    i.rt_evt_set        RTX_CM3.lib(rt_event.o)
    0x000077dc   0x000077dc   0x0000003c   Code   RO         1823    i.rt_evt_wait       RTX_CM3.lib(rt_event.o)
    0x00007818   0x00007818   0x0000002c   Code   RO         2096    i.rt_free_box       RTX_CM3.lib(rt_membox.o)
    0x00007844   0x00007844   0x00000028   Code   RO         2124    i.rt_free_mem       RTX_CM3.lib(rt_memory.o)
    0x0000786c   0x0000786c   0x00000028   Code   RO         1865    i.rt_get_first      RTX_CM3.lib(rt_list.o)
    0x00007894   0x00007894   0x00000024   Code   RO         1866    i.rt_get_same_rdy_prio  RTX_CM3.lib(rt_list.o)
    0x000078b8   0x000078b8   0x00000008   Code   RO          675    i.rt_id2obj         RTX_CM3.lib(rt_cmsis.o)
    0x000078c0   0x000078c0   0x00000048   Code   RO         1645    i.rt_init_context   RTX_CM3.lib(rt_task.o)
    0x00007908   0x00007908   0x0000001a   Code   RO         2125    i.rt_init_mem       RTX_CM3.lib(rt_memory.o)
    0x00007922   0x00007922   0x00000002   PAD
    0x00007924   0x00007924   0x00000018   Code   RO         2266    i.rt_init_robin     RTX_CM3.lib(rt_robin.o)
    0x0000793c   0x0000793c   0x00000080   Code   RO         2150    i.rt_init_stack     RTX_CM3.lib(hal_cm.o)
    0x000079bc   0x000079bc   0x00000008   Code   RO         1942    i.rt_mbx_check      RTX_CM3.lib(rt_mailbox.o)
    0x000079c4   0x000079c4   0x0000001a   Code   RO         1943    i.rt_mbx_init       RTX_CM3.lib(rt_mailbox.o)
    0x000079de   0x000079de   0x00000002   PAD
    0x000079e0   0x000079e0   0x000000f0   Code   RO         1944    i.rt_mbx_psh        RTX_CM3.lib(rt_mailbox.o)
    0x00007ad0   0x00007ad0   0x000000b4   Code   RO         1946    i.rt_mbx_wait       RTX_CM3.lib(rt_mailbox.o)
    0x00007b84   0x00007b84   0x00000044   Code   RO          676    i.rt_ms2tick        RTX_CM3.lib(rt_cmsis.o)
    0x00007bc8   0x00007bc8   0x00000010   Code   RO         2064    i.rt_mut_init       RTX_CM3.lib(rt_mutex.o)
    0x00007bd8   0x00007bd8   0x000000d8   Code   RO         2065    i.rt_mut_release    RTX_CM3.lib(rt_mutex.o)
    0x00007cb0   0x00007cb0   0x00000078   Code   RO         2066    i.rt_mut_wait       RTX_CM3.lib(rt_mutex.o)
    0x00007d28   0x00007d28   0x0000007c   Code   RO         1732    i.rt_pop_req        RTX_CM3.lib(rt_system.o)
    0x00007da4   0x00007da4   0x00000020   Code   RO         1733    i.rt_psh_req        RTX_CM3.lib(rt_system.o)
    0x00007dc4   0x00007dc4   0x0000005c   Code   RO         1867    i.rt_psq_enq        RTX_CM3.lib(rt_list.o)
    0x00007e20   0x00007e20   0x00000048   Code   RO         1868    i.rt_put_dly        RTX_CM3.lib(rt_list.o)
    0x00007e68   0x00007e68   0x00000036   Code   RO         1869    i.rt_put_prio       RTX_CM3.lib(rt_list.o)
    0x00007e9e   0x00007e9e   0x00000002   PAD
    0x00007ea0   0x00007ea0   0x00000014   Code   RO         1870    i.rt_put_rdy_first  RTX_CM3.lib(rt_list.o)
    0x00007eb4   0x00007eb4   0x00000034   Code   RO         1871    i.rt_resort_prio    RTX_CM3.lib(rt_list.o)
    0x00007ee8   0x00007ee8   0x00000006   Code   RO         2151    i.rt_ret_val        RTX_CM3.lib(hal_cm.o)
    0x00007eee   0x00007eee   0x00000008   Code   RO         2152    i.rt_ret_val2       RTX_CM3.lib(hal_cm.o)
    0x00007ef6   0x00007ef6   0x00000028   Code   RO         1872    i.rt_rmv_dly        RTX_CM3.lib(rt_list.o)
    0x00007f1e   0x00007f1e   0x00000002   PAD
    0x00007f20   0x00007f20   0x00000030   Code   RO         1873    i.rt_rmv_list       RTX_CM3.lib(rt_list.o)
    0x00007f50   0x00007f50   0x00000034   Code   RO         1991    i.rt_sem_psh        RTX_CM3.lib(rt_semaphore.o)
    0x00007f84   0x00007f84   0x00000024   Code   RO         1735    i.rt_stk_check      RTX_CM3.lib(rt_system.o)
    0x00007fa8   0x00007fa8   0x00000028   Code   RO         1646    i.rt_switch_req     RTX_CM3.lib(rt_task.o)
    0x00007fd0   0x00007fd0   0x000000cc   Code   RO         1647    i.rt_sys_init       RTX_CM3.lib(rt_task.o)
    0x0000809c   0x0000809c   0x00000078   Code   RO         1648    i.rt_sys_start      RTX_CM3.lib(rt_task.o)
    0x00008114   0x00008114   0x00000040   Code   RO         1737    i.rt_systick        RTX_CM3.lib(rt_system.o)
    0x00008154   0x00008154   0x00000012   Code   RO          677    i.rt_tid2ptcb       RTX_CM3.lib(rt_cmsis.o)
    0x00008166   0x00008166   0x00000002   PAD
    0x00008168   0x00008168   0x00000034   Code   RO          678    i.rt_timer_insert   RTX_CM3.lib(rt_cmsis.o)
    0x0000819c   0x0000819c   0x0000003c   Code   RO          679    i.rt_timer_remove   RTX_CM3.lib(rt_cmsis.o)
    0x000081d8   0x000081d8   0x00000088   Code   RO         1649    i.rt_tsk_create     RTX_CM3.lib(rt_task.o)
    0x00008260   0x00008260   0x0000017c   Code   RO         1650    i.rt_tsk_delete     RTX_CM3.lib(rt_task.o)
    0x000083dc   0x000083dc   0x00000030   Code   RO         1651    i.rt_tsk_pass       RTX_CM3.lib(rt_task.o)
    0x0000840c   0x0000840c   0x0000007c   Code   RO         1652    i.rt_tsk_prio       RTX_CM3.lib(rt_task.o)
    0x00008488   0x00008488   0x00000010   Code   RO         1653    i.rt_tsk_self       RTX_CM3.lib(rt_task.o)
    0x00008498   0x00008498   0x00000048   Code   RO         1557    i.search_delim      Net_CM3_L.lib(net_http_server.o)
    0x000084e0   0x000084e0   0x00000012   Code   RO         2233    i.str_copy          Net_CM3_L.lib(net_common.o)
    0x000084f2   0x000084f2   0x00000016   Code   RO         2235    i.str_pos           Net_CM3_L.lib(net_common.o)
    0x00008508   0x00008508   0x0000001a   Code   RO         2236    i.str_scomp         Net_CM3_L.lib(net_common.o)
    0x00008522   0x00008522   0x0000001a   Code   RO         2238    i.str_up_case       Net_CM3_L.lib(net_common.o)
    0x0000853c   0x0000853c   0x00000012   Code   RO          680    i.svcDelay          RTX_CM3.lib(rt_cmsis.o)
    0x0000854e   0x0000854e   0x00000002   PAD
    0x00008550   0x00008550   0x00000070   Code   RO          681    i.svcKernelInitialize  RTX_CM3.lib(rt_cmsis.o)
    0x000085c0   0x000085c0   0x00000048   Code   RO          683    i.svcKernelStart    RTX_CM3.lib(rt_cmsis.o)
    0x00008608   0x00008608   0x00000038   Code   RO          684    i.svcKernelSysTick  RTX_CM3.lib(rt_cmsis.o)
    0x00008640   0x00008640   0x00000024   Code   RO          686    i.svcMessageCreate  RTX_CM3.lib(rt_cmsis.o)
    0x00008664   0x00008664   0x0000003a   Code   RO          687    i.svcMessageGet     RTX_CM3.lib(rt_cmsis.o)
    0x0000869e   0x0000869e   0x0000001c   Code   RO          689    i.svcMutexCreate    RTX_CM3.lib(rt_cmsis.o)
    0x000086ba   0x000086ba   0x00000022   Code   RO          691    i.svcMutexRelease   RTX_CM3.lib(rt_cmsis.o)
    0x000086dc   0x000086dc   0x0000003a   Code   RO          692    i.svcMutexWait      RTX_CM3.lib(rt_cmsis.o)
    0x00008716   0x00008716   0x00000024   Code   RO          699    i.svcSignalSet      RTX_CM3.lib(rt_cmsis.o)
    0x0000873a   0x0000873a   0x00000002   PAD
    0x0000873c   0x0000873c   0x00000054   Code   RO          700    i.svcSignalWait     RTX_CM3.lib(rt_cmsis.o)
    0x00008790   0x00008790   0x0000006c   Code   RO          701    i.svcThreadCreate   RTX_CM3.lib(rt_cmsis.o)
    0x000087fc   0x000087fc   0x0000001c   Code   RO          702    i.svcThreadGetId    RTX_CM3.lib(rt_cmsis.o)
    0x00008818   0x00008818   0x00000038   Code   RO          705    i.svcThreadTerminate  RTX_CM3.lib(rt_cmsis.o)
    0x00008850   0x00008850   0x0000000a   Code   RO          706    i.svcThreadYield    RTX_CM3.lib(rt_cmsis.o)
    0x0000885a   0x0000885a   0x00000018   Code   RO          707    i.svcTimerCall      RTX_CM3.lib(rt_cmsis.o)
    0x00008872   0x00008872   0x00000002   PAD
    0x00008874   0x00008874   0x00000038   Code   RO          708    i.svcTimerCreate    RTX_CM3.lib(rt_cmsis.o)
    0x000088ac   0x000088ac   0x00000064   Code   RO          710    i.svcTimerStart     RTX_CM3.lib(rt_cmsis.o)
    0x00008910   0x00008910   0x0000005c   Code   RO          716    i.sysTimerTick      RTX_CM3.lib(rt_cmsis.o)
    0x0000896c   0x0000896c   0x00000058   Code   RO         1430    i.tcp_abort         Net_CM3_L.lib(net_tcp.o)
    0x000089c4   0x000089c4   0x000000a0   Code   RO         1432    i.tcp_close         Net_CM3_L.lib(net_tcp.o)
    0x00008a64   0x00008a64   0x0000001e   Code   RO         1435    i.tcp_get_buf       Net_CM3_L.lib(net_tcp.o)
    0x00008a82   0x00008a82   0x00000002   PAD
    0x00008a84   0x00008a84   0x00000050   Code   RO         1437    i.tcp_get_socket    Net_CM3_L.lib(net_tcp.o)
    0x00008ad4   0x00008ad4   0x00000028   Code   RO         1438    i.tcp_get_state     Net_CM3_L.lib(net_tcp.o)
    0x00008afc   0x00008afc   0x0000006c   Code   RO         1440    i.tcp_listen        Net_CM3_L.lib(net_tcp.o)
    0x00008b68   0x00008b68   0x0000007c   Code   RO         1441    i.tcp_map_socket    Net_CM3_L.lib(net_tcp.o)
    0x00008be4   0x00008be4   0x00000024   Code   RO         1442    i.tcp_max_data_size  Net_CM3_L.lib(net_tcp.o)
    0x00008c08   0x00008c08   0x0000000c   Code   RO         1444    i.tcp_ntoa          Net_CM3_L.lib(net_tcp.o)
    0x00008c14   0x00008c14   0x0000005e   Code   RO         1445    i.tcp_parse_opt     Net_CM3_L.lib(net_tcp.o)
    0x00008c72   0x00008c72   0x00000002   PAD
    0x00008c74   0x00008c74   0x000000c4   Code   RO         1446    i.tcp_proc_acknr    Net_CM3_L.lib(net_tcp.o)
    0x00008d38   0x00008d38   0x00000052   Code   RO         1447    i.tcp_proc_dupack   Net_CM3_L.lib(net_tcp.o)
    0x00008d8a   0x00008d8a   0x00000002   PAD
    0x00008d8c   0x00008d8c   0x0000049a   Code   RO         1448    i.tcp_process       Net_CM3_L.lib(net_tcp.o)
    0x00009226   0x00009226   0x0000001a   Code   RO         1449    i.tcp_que_free      Net_CM3_L.lib(net_tcp.o)
    0x00009240   0x00009240   0x0000001a   Code   RO         1450    i.tcp_que_init      Net_CM3_L.lib(net_tcp.o)
    0x0000925a   0x0000925a   0x00000002   PAD
    0x0000925c   0x0000925c   0x00000094   Code   RO         1451    i.tcp_que_resend    Net_CM3_L.lib(net_tcp.o)
    0x000092f0   0x000092f0   0x000000e0   Code   RO         1455    i.tcp_send          Net_CM3_L.lib(net_tcp.o)
    0x000093d0   0x000093d0   0x00000066   Code   RO         1456    i.tcp_send_ctrl     Net_CM3_L.lib(net_tcp.o)
    0x00009436   0x00009436   0x0000004c   Code   RO         1457    i.tcp_send_data     Net_CM3_L.lib(net_tcp.o)
    0x00009482   0x00009482   0x00000060   Code   RO         1458    i.tcp_send_reset    Net_CM3_L.lib(net_tcp.o)
    0x000094e2   0x000094e2   0x00000026   Code   RO         1459    i.tcp_set_cwnd      Net_CM3_L.lib(net_tcp.o)
    0x00009508   0x00009508   0x00000014   Code   RO         1460    i.tcp_socket_init   Net_CM3_L.lib(net_tcp.o)
    0x0000951c   0x0000951c   0x000002a8   Code   RO         1461    i.tcp_socket_poll   Net_CM3_L.lib(net_tcp.o)
    0x000097c4   0x000097c4   0x00000068   Code   RO         1462    i.tcp_transit       Net_CM3_L.lib(net_tcp.o)
    0x0000982c   0x0000982c   0x000000a4   Code   RO         1463    i.tcp_write         Net_CM3_L.lib(net_tcp.o)
    0x000098d0   0x000098d0   0x0000001e   Code   RO         1401    i.udp_get_buf       Net_CM3_L.lib(net_udp.o)
    0x000098ee   0x000098ee   0x00000002   PAD
    0x000098f0   0x000098f0   0x00000048   Code   RO         1402    i.udp_get_socket    Net_CM3_L.lib(net_udp.o)
    0x00009938   0x00009938   0x0000006c   Code   RO         1405    i.udp_open          Net_CM3_L.lib(net_udp.o)
    0x000099a4   0x000099a4   0x0000002c   Code   RO         1406    i.udp_port_in_use   Net_CM3_L.lib(net_udp.o)
    0x000099d0   0x000099d0   0x00000098   Code   RO         1407    i.udp_process       Net_CM3_L.lib(net_udp.o)
    0x00009a68   0x00009a68   0x00000108   Code   RO         1409    i.udp_send          Net_CM3_L.lib(net_udp.o)
    0x00009b70   0x00009b70   0x00000014   Code   RO         1410    i.udp_socket_init   Net_CM3_L.lib(net_udp.o)
    0x00009b84   0x00009b84   0x000000f0   Code   RO         1558    i.utc_to_http       Net_CM3_L.lib(net_http_server.o)
    0x00009c74   0x00009c74   0x00000970   Data   RO            3    .constdata          http_server.o
    0x0000a5e4   0x0000a5e4   0x00000010   Data   RO          105    .constdata          led.o
    0x0000a5f4   0x0000a5f4   0x00000004   Data   RO          220    .constdata          web.o
    0x0000a5f8   0x0000a5f8   0x00006d37   Data   RO          221    .constdata          web.o
    0x0001132f   0x0001132f   0x00000001   PAD
    0x00011330   0x00011330   0x000000a8   Data   RO          222    .constdata          web.o
    0x000113d8   0x000113d8   0x00000002   Data   RO          310    .constdata          rtx_conf_cm.o
    0x000113da   0x000113da   0x00000002   PAD
    0x000113dc   0x000113dc   0x00000004   Data   RO          311    .constdata          rtx_conf_cm.o
    0x000113e0   0x000113e0   0x00000004   Data   RO          312    .constdata          rtx_conf_cm.o
    0x000113e4   0x000113e4   0x00000002   Data   RO          314    .constdata          rtx_conf_cm.o
    0x000113e6   0x000113e6   0x00000002   Data   RO          315    .constdata          rtx_conf_cm.o
    0x000113e8   0x000113e8   0x00000004   Data   RO          316    .constdata          rtx_conf_cm.o
    0x000113ec   0x000113ec   0x00000001   Data   RO          317    .constdata          rtx_conf_cm.o
    0x000113ed   0x000113ed   0x00000003   PAD
    0x000113f0   0x000113f0   0x00000020   Data   RO          318    .constdata          rtx_conf_cm.o
    0x00011410   0x00011410   0x00000002   Data   RO          319    .constdata          rtx_conf_cm.o
    0x00011412   0x00011412   0x00000002   PAD
    0x00011414   0x00011414   0x00000004   Data   RO          320    .constdata          rtx_conf_cm.o
    0x00011418   0x00011418   0x00000004   Data   RO          321    .constdata          rtx_conf_cm.o
    0x0001141c   0x0001141c   0x00000001   Data   RO          322    .constdata          rtx_conf_cm.o
    0x0001141d   0x0001141d   0x00000003   PAD
    0x00011420   0x00011420   0x00000010   Data   RO          323    .constdata          rtx_conf_cm.o
    0x00011430   0x00011430   0x00000008   Data   RO          324    .constdata          rtx_conf_cm.o
    0x00011438   0x00011438   0x00000002   Data   RO          325    .constdata          rtx_conf_cm.o
    0x0001143a   0x0001143a   0x00000004   Data   RO          356    .constdata          phy_dp83848c.o
    0x0001143e   0x0001143e   0x00000002   PAD
    0x00011440   0x00011440   0x00000020   Data   RO          357    .constdata          phy_dp83848c.o
    0x00011460   0x00011460   0x00000008   Data   RO          378    .constdata          emac_lpc17xx.o
    0x00011468   0x00011468   0x00000044   Data   RO          379    .constdata          emac_lpc17xx.o
    0x000114ac   0x000114ac   0x00000050   Data   RO          425    .constdata          ssp_lpc17xx.o
    0x000114fc   0x000114fc   0x0000002c   Data   RO          426    .constdata          ssp_lpc17xx.o
    0x00011528   0x00011528   0x0000003c   Data   RO          584    .constdata          net_config.o
    0x00011564   0x00011564   0x00000010   Data   RO          585    .constdata          net_config.o
    0x00011574   0x00011574   0x00000028   Data   RO          586    .constdata          net_config.o
    0x0001159c   0x0001159c   0x00000008   Data   RO          587    .constdata          net_config.o
    0x000115a4   0x000115a4   0x00000018   Data   RO          588    .constdata          net_config.o
    0x000115bc   0x000115bc   0x00000018   Data   RO          589    .constdata          net_config.o
    0x000115d4   0x000115d4   0x0000001c   Data   RO         1260    .constdata          Net_CM3_L.lib(net_eth.o)
    0x000115f0   0x000115f0   0x00000008   Data   RO         1333    .constdata          Net_CM3_L.lib(net_igmp.o)
    0x000115f8   0x000115f8   0x00000008   Data   RO         1363    .constdata          Net_CM3_L.lib(net_ip.o)
    0x00011600   0x00011600   0x0000002c   Data   RO         1464    .constdata          Net_CM3_L.lib(net_tcp.o)
    0x0001162c   0x0001162c   0x00000008   Data   RO         1509    .constdata          Net_CM3_L.lib(net_nbns_client.o)
    0x00011634   0x00011634   0x000000fa   Data   RO         1559    .constdata          Net_CM3_L.lib(net_http_server.o)
    0x0001172e   0x0001172e   0x00000008   Data   RO         1613    .constdata          Net_CM3_L.lib(net_addr4.o)
    0x00011736   0x00011736   0x00000002   PAD
    0x00011738   0x00011738   0x00000008   Data   RO         1632    .constdata          Net_CM3_L.lib(net_sys.o)
    0x00011740   0x00011740   0x00000018   Data   RO         2195    .constdata          Net_CM3_L.lib(net_http_server_err.o)
    0x00011758   0x00011758   0x00000004   Data   RO         2212    .constdata          Net_CM3_L.lib(net_mem.o)
    0x0001175c   0x0001175c   0x00000081   Data   RO         2654    .constdata          mc_w.l(ctype_o.o)
    0x000117dd   0x000117dd   0x00000003   PAD
    0x000117e0   0x000117e0   0x00000004   Data   RO         2655    .constdata          mc_w.l(ctype_o.o)
    0x000117e4   0x000117e4   0x000000da   Data   RO           68    .conststring        http_server_cgi.o
    0x000118be   0x000118be   0x00000002   PAD
    0x000118c0   0x000118c0   0x0000001d   Data   RO          590    .conststring        net_config.o
    0x000118dd   0x000118dd   0x00000003   PAD
    0x000118e0   0x000118e0   0x0000006d   Data   RO         1465    .conststring        Net_CM3_L.lib(net_tcp.o)
    0x0001194d   0x0001194d   0x00000003   PAD
    0x00011950   0x00011950   0x00000203   Data   RO         2196    .conststring        Net_CM3_L.lib(net_http_server_err.o)
    0x00011b53   0x00011b53   0x00000001   PAD
    0x00011b54   0x00011b54   0x00000020   Data   RO         2691    Region$$Table       anon$$obj.o


    Execution Region RW_IRAM1 (Exec base: 0x10000000, Load base: 0x00011b74, Size: 0x00006f50, Max: 0x00008000, ABSOLUTE)

    Exec Addr    Load Addr    Size         Type   Attr      Idx    E Section Name        Object

    0x10000000   0x00011b74   0x0000000c   Data   RW            4    .data               http_server.o
    0x1000000c   0x00011b80   0x00000001   Data   RW            5    .data               http_server.o
    0x1000000d   0x00011b81   0x00000003   PAD
    0x10000010   0x00011b84   0x00000008   Data   RW           69    .data               http_server_cgi.o
    0x10000018   0x00011b8c   0x00000004   Data   RW          128    .data               lcd.o
    0x1000001c   0x00011b90   0x00000004   Data   RW          193    .data               adc_mcb1700.o
    0x10000020   0x00011b94   0x00000004   Data   RW          327    .data               rtx_conf_cm.o
    0x10000024   0x00011b98   0x00000004   Data   RW          328    .data               rtx_conf_cm.o
    0x10000028   0x00011b9c   0x00000004   Data   RW          329    .data               rtx_conf_cm.o
    0x1000002c   0x00011ba0   0x00000018   Data   RW          380    .data               emac_lpc17xx.o
    0x10000044   0x00011bb8   0x00000002   Data   RW          427    .data               ssp_lpc17xx.o
    0x10000046   0x00011bba   0x00000002   Data   RW          428    .data               ssp_lpc17xx.o
    0x10000048   0x00011bbc   0x00000002   Data   RW          429    .data               ssp_lpc17xx.o
    0x1000004a   0x00011bbe   0x00000002   Data   RW          430    .data               ssp_lpc17xx.o
    0x1000004c   0x00011bc0   0x00000008   Data   RW          431    .data               ssp_lpc17xx.o
    0x10000054   0x00011bc8   0x00000008   Data   RW          466    .data               gpdma_lpc17xx.o
    0x1000005c   0x00011bd0   0x00000004   Data   RW          550    .data               system_lpc17xx_1.o
    0x10000060   0x00011bd4   0x00000010   Data   RW          591    .data               net_config.o
    0x10000070   0x00011be4   0x00000006   Data   RW          592    .data               net_config.o
    0x10000076   0x00011bea   0x00000002   PAD
    0x10000078   0x00011bec   0x00000008   Data   RW          719    .data               RTX_CM3.lib(rt_cmsis.o)
    0x10000080   0x00011bf4   0x00000004   Data   RW         1261    .data               Net_CM3_L.lib(net_eth.o)
    0x10000084   0x00011bf8   0x00000008   Data   RW         1298    .data               Net_CM3_L.lib(net_arp.o)
    0x1000008c   0x00011c00   0x00000004   Data   RW         1334    .data               Net_CM3_L.lib(net_igmp.o)
    0x10000090   0x00011c04   0x00000002   Data   RW         1411    .data               Net_CM3_L.lib(net_udp.o)
    0x10000092   0x00011c06   0x00000004   Data   RW         1466    .data               Net_CM3_L.lib(net_tcp.o)
    0x10000096   0x00011c0a   0x00000001   Data   RW         1510    .data               Net_CM3_L.lib(net_nbns_client.o)
    0x10000097   0x00011c0b   0x00000001   PAD
    0x10000098   0x00011c0c   0x0000000c   Data   RW         1560    .data               Net_CM3_L.lib(net_http_server.o)
    0x100000a4   0x00011c18   0x00000008   Data   RW         1655    .data               RTX_CM3.lib(rt_task.o)
    0x100000ac   0x00011c20   0x00000008   Data   RW         1740    .data               RTX_CM3.lib(rt_system.o)
    0x100000b4   0x00011c28   0x00000004   Data   RW         2034    .data               RTX_CM3.lib(rt_time.o)
    0x100000b8   0x00011c2c   0x00000001   Data   RW         2153    .data               RTX_CM3.lib(hal_cm.o)
    0x100000b9   0x00011c2d   0x00000003   PAD
    0x100000bc   0x00011c30   0x00000008   Data   RW         2267    .data               RTX_CM3.lib(rt_robin.o)
    0x100000c4   0x00011c38   0x00000004   Data   RW         2621    .data               mc_w.l(errno.o)
    0x100000c8        -       0x0000002a   Zero   RW            2    .bss                http_server.o
    0x100000f2        -       0x00000200   Zero   RW          127    .bss                lcd.o
    0x100002f2   0x00011c3c   0x00000002   PAD
    0x100002f4        -       0x00000020   Zero   RW          304    .bss                rtx_conf_cm.o
    0x10000314        -       0x00000110   Zero   RW          305    .bss                rtx_conf_cm.o
    0x10000424   0x00011c3c   0x00000004   PAD
    0x10000428        -       0x000004d0   Zero   RW          306    .bss                rtx_conf_cm.o
    0x100008f8        -       0x00000408   Zero   RW          307    .bss                rtx_conf_cm.o
    0x10000d00        -       0x00000084   Zero   RW          308    .bss                rtx_conf_cm.o
    0x10000d84        -       0x00000014   Zero   RW          309    .bss                rtx_conf_cm.o
    0x10000d98        -       0x0000000c   Zero   RW          355    .bss                phy_dp83848c.o
    0x10000da4   0x00011c3c   0x00000004   PAD
    0x10000da8        -       0x00002a74   Zero   RW          377    .bss                emac_lpc17xx.o
    0x1000381c        -       0x0000000c   Zero   RW          423    .bss                ssp_lpc17xx.o
    0x10003828        -       0x0000001c   Zero   RW          424    .bss                ssp_lpc17xx.o
    0x10003844        -       0x000000a0   Zero   RW          465    .bss                gpdma_lpc17xx.o
    0x100038e4        -       0x00000014   Zero   RW          577    .bss                net_config.o
    0x100038f8        -       0x00002ee0   Zero   RW          578    .bss                net_config.o
    0x100067d8        -       0x0000008c   Zero   RW          579    .bss                net_config.o
    0x10006864        -       0x00000023   Zero   RW          580    .bss                net_config.o
    0x10006887   0x00011c3c   0x00000001   PAD
    0x10006888        -       0x0000003c   Zero   RW          581    .bss                net_config.o
    0x100068c4        -       0x00000198   Zero   RW          582    .bss                net_config.o
    0x10006a5c        -       0x00000138   Zero   RW          583    .bss                net_config.o
    0x10006b94        -       0x00000088   Zero   RW         1259    .bss                Net_CM3_L.lib(net_eth.o)
    0x10006c1c        -       0x0000000c   Zero   RW         1362    .bss                Net_CM3_L.lib(net_ip.o)
    0x10006c28        -       0x00000010   Zero   RW         1387    .bss                Net_CM3_L.lib(net_icmp.o)
    0x10006c38        -       0x00000022   Zero   RW         1612    .bss                Net_CM3_L.lib(net_addr4.o)
    0x10006c5a   0x00011c3c   0x00000002   PAD
    0x10006c5c        -       0x00000054   Zero   RW         1630    .bss                Net_CM3_L.lib(net_sys.o)
    0x10006cb0        -       0x00000018   Zero   RW         1631    .bss                Net_CM3_L.lib(net_sys.o)
    0x10006cc8        -       0x00000034   Zero   RW         1654    .bss                RTX_CM3.lib(rt_task.o)
    0x10006cfc        -       0x00000030   Zero   RW         1874    .bss                RTX_CM3.lib(rt_list.o)
    0x10006d2c        -       0x00000010   Zero   RW         2210    .bss                Net_CM3_L.lib(net_mem.o)
    0x10006d3c        -       0x00000014   Zero   RW         2211    .bss                Net_CM3_L.lib(net_mem.o)
    0x10006d50        -       0x00000200   Zero   RW          536    STACK               startup_lpc17xx_1.o


==============================================================================

Image component sizes


      Code (inc. data)   RO Data    RW Data    ZI Data      Debug   Object Name

       216         20          0          4          0      29010   adc_mcb1700.o
        84          0          0          0          0       1068   buttons_mcb1700.o
      2532        100         76         24      10868      41961   emac_lpc17xx.o
       872         20          0          8        160       5569   gpdma_lpc17xx.o
       124         10          0          0          0       1653   gpio_lpc17xx.o
       544         38       2416         13         42      17679   http_server.o
      1540        378        218          8          0      22902   http_server_cgi.o
       520         16          0          4        512      23349   lcd.o
       232          6         16          0          0       3149   led.o
       108          0        201         22      12975       4334   net_config.o
       432         10         36          0         12       6334   phy_dp83848c.o
       152          6          0          0          0       1448   pin_lpc17xx.o
        28          6         88         12       2720       7322   rtx_conf_cm.o
      2956         26        124         16         40      17586   ssp_lpc17xx.o
        40         12        204          0        512       1036   startup_lpc17xx_1.o
       412         32          0          4          0       1157   system_lpc17xx_1.o
        92         10      28131          0          0       1648   web.o

    ----------------------------------------------------------------------
     10884        690      31560        120      27852     187205   Object Totals
         0          0         32          0          0          0   (incl. Generated)
         0          0         18          5         11          0   (incl. Padding)

    ----------------------------------------------------------------------

      Code (inc. data)   RO Data    RW Data    ZI Data      Debug   Library Member Name

       186         44          8          0         34        224   net_addr4.o
      1696        128          0          8          0       1024   net_arp.o
       324          4          0          0          0        584   net_common.o
      1296        116         28          4        136        880   net_eth.o
      5484       1186        250         12          0       2476   net_http_server.o
         0          0        539          0          0          0   net_http_server_err.o
       436         34          0          0         16        308   net_icmp.o
       672         60          8          4          0        584   net_igmp.o
      1070         88          8          0         12        816   net_ip.o
       460         52          4          0         36        556   net_mem.o
       400         26          8          1          0        184   net_nbns_client.o
       224         48          8          0        108        288   net_sys.o
      3932        164        153          4          0       2068   net_tcp.o
       690         36          0          2          0        556   net_udp.o
       238         24          0          1          0       3244   hal_cm.o
       304         36          0          0          0        756   hal_cm3.o
      1966        228          0          8          0      46016   rt_cmsis.o
       272         18          0          0          0       2606   rt_event.o
       566         44          0          0         48       8688   rt_list.o
       554         10          0          0          0       3889   rt_mailbox.o
       140          0          0          0          0       1889   rt_membox.o
       128          0          0          0          0       2267   rt_memory.o
       352         14          0          0          0       2073   rt_mutex.o
        96         22          0          8          0       1134   rt_robin.o
        52          4          0          0          0        565   rt_semaphore.o
       334         64          0          8          0       6991   rt_system.o
      1264        184          0          8         52      10023   rt_task.o
         6          0          0          4          0        636   rt_time.o
         4          4          0          0          0        196   svc_table.o
        56          8          0          0          0         84   __0sscanf.o
        28          0          0          0          0         68   _chval.o
       816          6          0          0          0        112   _scanf.o
       332          0          0          0          0         96   _scanf_int.o
        64          0          0          0          0         84   _sgetc.o
       158          0          0          0          0         92   _strtoul.o
        26          0          0          0          0         80   atoi.o
         8          4        133          0          0         68   ctype_o.o
         0          0          0          0          0          0   entry.o
         0          0          0          0          0          0   entry10a.o
         0          0          0          0          0          0   entry11a.o
         4          0          0          0          0          0   entry12b.o
         8          4          0          0          0          0   entry2.o
         4          0          0          0          0          0   entry5.o
         0          0          0          0          0          0   entry7b.o
         0          0          0          0          0          0   entry8b.o
         8          4          0          4          0         68   errno.o
        30          0          0          0          0          0   handlers.o
        36          8          0          0          0         68   init.o
        18          0          0          0          0         76   isspace_o.o
         0          0          0          0          0          0   iusefp.o
        30          0          0          0          0         68   llshl.o
        36          0          0          0          0         68   llsshr.o
        32          0          0          0          0         68   llushr.o
        26          0          0          0          0         80   memcmp.o
        36          0          0          0          0         68   memcpya.o
        36          0          0          0          0        108   memseta.o
      2236         86          0          0          0        532   printfa.o
        40          8          0          0          0         84   scanf_char.o
        28          0          0          0          0         76   strcmp.o
        18          0          0          0          0         68   strcpy.o
        14          0          0          0          0         68   strlen.o
        30          0          0          0          0         80   strncmp.o
       112          0          0          0          0         88   strtol.o
        44          0          0          0          0         80   uidiv.o
        98          0          0          0          0         92   uldiv.o
        48          0          0          0          0         68   cdrcmple.o
       334          0          0          0          0        148   dadd.o
       222          0          0          0          0        100   ddiv.o
       186          0          0          0          0        176   depilogue.o
        48          0          0          0          0         68   dfixul.o
       228          0          0          0          0         96   dmul.o
        38          0          0          0          0         68   f2d.o
       110          0          0          0          0        168   fepilogue.o
        10          0          0          0          0         68   ffltui.o
       100          0          0          0          0         76   fmul.o
        24          0          0          0          0         68   fscalb.o

    ----------------------------------------------------------------------
     28964       2766       1156         80        444     105149   Library Totals
        58          0          9          4          2          0   (incl. Padding)

    ----------------------------------------------------------------------

      Code (inc. data)   RO Data    RW Data    ZI Data      Debug   Library Name

     16870       1986       1014         35        342      10548   Net_CM3_L.lib
      6276        652          0         37        100      90973   RTX_CM3.lib
      4412        128        133          4          0       2524   mc_w.l
      1348          0          0          0          0       1104   mf_w.l

    ----------------------------------------------------------------------
     28964       2766       1156         80        444     105149   Library Totals

    ----------------------------------------------------------------------

==============================================================================


      Code (inc. data)   RO Data    RW Data    ZI Data      Debug   

     39848       3456      32716        200      28296     276542   Grand Totals
     39848       3456      32716        200      28296     276542   ELF Image Totals
     39848       3456      32716        200          0          0   ROM Totals

==============================================================================

    Total RO  Size (Code + RO Data)                72564 (  70.86kB)
    Total RW  Size (RW Data + ZI Data)             28496 (  27.83kB)
    Total ROM Size (Code + RO Data + RW Data)      72764 (  71.06kB)

==============================================================================

